 kup

 Timestamp is 4105f014 (Tue Jul 27 15:03:00 2004)

 Preferred load address is 00400000

 Start         Length     Name                   Class
 0001:00000000 0002f800H .text                   CODE
 0001:0002f800 000023d2H .text$x                 CODE
 0002:00000000 00002323H .rdata                  DATA
 0002:00002328 000012acH .rdata$r                DATA
 0002:000035d8 00002e58H .xdata$x                DATA
 0002:00006430 00000000H .edata                  DATA
 0003:00000000 00000004H .CRT$XCA                DATA
 0003:00000004 00000048H .CRT$XCU                DATA
 0003:0000004c 00000004H .CRT$XCZ                DATA
 0003:00000050 00000004H .CRT$XIA                DATA
 0003:00000054 0000000cH .CRT$XIC                DATA
 0003:00000060 00000004H .CRT$XIY                DATA
 0003:00000064 00000004H .CRT$XIZ                DATA
 0003:00000068 00000004H .CRT$XPA                DATA
 0003:0000006c 00000004H .CRT$XPX                DATA
 0003:00000070 00000004H .CRT$XPZ                DATA
 0003:00000074 00000004H .CRT$XTA                DATA
 0003:00000078 00000004H .CRT$XTB                DATA
 0003:0000007c 00000004H .CRT$XTZ                DATA
 0003:00000080 0000512cH .data                   DATA
 0003:000051b0 00002e54H .bss                    DATA
 0004:00000000 0000003cH .idata$2                DATA
 0004:0000003c 00000014H .idata$3                DATA
 0004:00000050 00000134H .idata$4                DATA
 0004:00000184 00000134H .idata$5                DATA
 0004:000002b8 0000054cH .idata$6                DATA
 0005:00000000 00000020H STLPORT_NO_INIT         DATA

  Address         Publics by Value              Rva+Base     Lib:Object

 0001:00000000       ??0cBTree@@QAE@IP6AHPBX0@ZP6AXPAU_iobuf@@PAX@Z@Z 00401000 f   BTree.obj
 0001:0000003a       ?search@cBTree@@QAEPAXPAX@Z 0040103a f   BTree.obj
 0001:00000083       ?insert@cBTree@@QAEPAXPAX@Z 00401083 f   BTree.obj
 0001:00000117       ?deleteNode@cBTree@@AAEXPAU_node@@@Z 00401117 f   BTree.obj
 0001:00000140       ?deleteAll@cBTree@@AAEPAXXZ 00401140 f   BTree.obj
 0001:00000162       ?_balance@cBTree@@AAEPAU_node@@HPAX@Z 00401162 f   BTree.obj
 0001:000001db       ?sort@cBTree@@AAEXPAU_node@@PAX@Z 004011db f   BTree.obj
 0001:0000021d       ?balance@cBTree@@QAEPAXXZ  0040121d f   BTree.obj
 0001:00000271       ??0cBTree_v2@@QAE@IP6AHPBX0@ZP6AXPAU_iobuf@@PAX@Z@Z 00401271 f   BTree.obj
 0001:00000295       ??1cBTree_v2@@QAE@XZ       00401295 f   BTree.obj
 0001:000002bb       ?search@cBTree_v2@@QAEPAXPAX@Z 004012bb f   BTree.obj
 0001:000002ed       ?insert@cBTree_v2@@QAEPAXPAX@Z 004012ed f   BTree.obj
 0001:00000326       ?sort@cBTree_v2@@QAEXXZ    00401326 f   BTree.obj
 0001:00000337       ?push_back@?$vector@PAXV?$allocator@PAX@_STL@@@_STL@@QAEXABQAX@Z 00401337 f i BTree.obj
 0001:00000368       ?_M_insert_overflow@?$vector@PAXV?$allocator@PAX@_STL@@@_STL@@IAEXPAPAXABQAXABU__true_type@2@I_N@Z 00401368 f i BTree.obj
 0001:00000414       ??1?$_Vector_base@PAXV?$allocator@PAX@_STL@@@_STL@@QAE@XZ 00401414 f i BTree.obj
 0001:0000045b       ?_M_clear@?$vector@PAXV?$allocator@PAX@_STL@@@_STL@@IAEXXZ 0040145b f i BTree.obj
 0001:00000485       ?allocate@?$_STLP_alloc_proxy@PAV?$list@U?$pair@V?$basic_string@DV?$char_traits@D@_STL@@V?$allocator@D@2@@_STL@@H@_STL@@V?$allocator@U?$pair@V?$basic_string@DV?$char_traits@D@_STL@@V?$allocator@D@2@@_STL@@H@_STL@@@2@@_STL@@V12@V?$allocator@V?$list@U?$pair@V?$basic_string@DV?$char_traits@D@_STL@@V?$allocator@D@2@@_STL@@H@_STL@@V?$allocator@U?$pair@V?$basic_string@DV?$char_traits@D@_STL@@V?$allocator@D@2@@_STL@@H@_STL@@@2@@_STL@@@2@@_STL@@QAEPAV?$list@U?$pair@V?$basic_string@DV?$char_traits@D@_STL@@V?$allocator@D@2@@_STL@@H@_STL@@V?$allocator@U?$pair@V?$basic_string@DV?$char_traits@D@_STL@@V?$allocator@D@2@@_STL@@H@_STL@@@2@@2@I@Z 00401485 f i BTree.obj
 0001:00000485       ?allocate@?$_STLP_alloc_proxy@PAPAXPAXV?$allocator@PAX@_STL@@@_STL@@QAEPAPAXI@Z 00401485 f i BTree.obj
 0001:000004ac       ?sort@_STL@@YAXPAPAX0UKeyCmp@@@Z 004014ac f i BTree.obj
 0001:000004ef       ?__equal_range@_STL@@YA?AU?$pair@PAPAXPAPAX@1@PAPAX0ABQAXUKeyCmp@@PAH@Z 004014ef f i BTree.obj
 0001:00000591       ?__introsort_loop@_STL@@YAXPAPAX00HUKeyCmp@@@Z 00401591 f i BTree.obj
 0001:00000614       ?__final_insertion_sort@_STL@@YAXPAPAX0UKeyCmp@@@Z 00401614 f i BTree.obj
 0001:0000068b       ?__median@_STL@@YAABQAXABQAX00UKeyCmp@@@Z 0040168b f i BTree.obj
 0001:000006f4       ?__unguarded_partition@_STL@@YAPAPAXPAPAX0PAXUKeyCmp@@@Z 004016f4 f i BTree.obj
 0001:0000073a       ?__lower_bound@_STL@@YAPAPAXPAPAX0ABQAXUKeyCmp@@PAH@Z 0040173a f i BTree.obj
 0001:00000787       ?__upper_bound@_STL@@YAPAPAXPAPAX0ABQAXUKeyCmp@@PAH@Z 00401787 f i BTree.obj
 0001:000007d4       ?__partial_sort@_STL@@YAXPAPAX000UKeyCmp@@@Z 004017d4 f i BTree.obj
 0001:00000839       ?__linear_insert@_STL@@YAXPAPAX0PAXUKeyCmp@@@Z 00401839 f i BTree.obj
 0001:00000882       ?make_heap@_STL@@YAXPAPAX0UKeyCmp@@@Z 00401882 f i BTree.obj
 0001:000008cd       ?sort_heap@_STL@@YAXPAPAX0UKeyCmp@@@Z 004018cd f i BTree.obj
 0001:00000919       ?__unguarded_linear_insert@_STL@@YAXPAPAXPAXUKeyCmp@@@Z 00401919 f i BTree.obj
 0001:00000949       ?__adjust_heap@_STL@@YAXPAPAXHHPAXUKeyCmp@@@Z 00401949 f i BTree.obj
 0001:000009ac       ?__push_heap@_STL@@YAXPAPAXHHPAXUKeyCmp@@@Z 004019ac f i BTree.obj
 0001:000009f9       ??0cDynamicRule@@QAE@_NPAD@Z 004019f9 f   DynamicRule.obj
 0001:00000a8c       ??1cDynamicRule@@QAE@XZ    00401a8c f   DynamicRule.obj
 0001:00000ab3       ?readRule@cDynamicRule@@AAEXPADQAPAVcBTree_v2@@@Z 00401ab3 f   DynamicRule.obj
 0001:00000cd3       ??_Eruntime_error@_STL@@UAEPAXI@Z 00401cd3 f i DynamicRule.obj
 0001:00000cd3       ??_Gruntime_error@_STL@@UAEPAXI@Z 00401cd3 f i DynamicRule.obj
 0001:00000cef       ??0runtime_error@_STL@@QAE@ABV01@@Z 00401cef f i DynamicRule.obj
 0001:00000d17       ??0__Named_exception@_STL@@QAE@ABV01@@Z 00401d17 f i DynamicRule.obj
 0001:00000d3f       ??_E__Named_exception@_STL@@UAEPAXI@Z 00401d3f f i DynamicRule.obj
 0001:00000d3f       ??_G__Named_exception@_STL@@UAEPAXI@Z 00401d3f f i DynamicRule.obj
 0001:00000d5b       ?pnt@cDynamicRule@@SAXPAU_iobuf@@PAX@Z 00401d5b f   DynamicRule.obj
 0001:00000d7e       ?getProb@cDynamicRule@@QAENU_aPhrase@@0000@Z 00401d7e f   DynamicRule.obj
 0001:00000f1b       ?findRule@cDynamicRule@@AAEXQAPAU_aRule@@U_aPhrase@@1111_N@Z 00401f1b f   DynamicRule.obj
 0001:0000154d       ??1?$basic_string@DV?$char_traits@D@_STL@@V?$allocator@D@2@@_STL@@QAE@XZ 0040254d f i DynamicRule.obj
 0001:00001570       ?_M_deallocate_block@?$_String_base@DV?$allocator@D@_STL@@@_STL@@QAEXXZ 00402570 f i DynamicRule.obj
 0001:00001594       ??0?$basic_string@DV?$char_traits@D@_STL@@V?$allocator@D@2@@_STL@@QAE@PBDABV?$allocator@D@1@@Z 00402594 f i DynamicRule.obj
 0001:000015e5       ??1?$_String_base@DV?$allocator@D@_STL@@@_STL@@QAE@XZ 004025e5 f i DynamicRule.obj
 0001:00001608       ?_M_allocate_block@?$_String_base@DV?$allocator@D@_STL@@@_STL@@QAEXI@Z 00402608 f i DynamicRule.obj
 0001:0000169f       ??0KomaWrap@ku_parser@@QAE@PBD_N@Z 0040269f f   KomaWrap.obj
 0001:000018e5       ??0RscPath@kwk_simple_type@@QAE@PBD@Z 004028e5 f i KomaWrap.obj
 0001:0000195d       ?filePath@RscPath@kwk_simple_type@@QAEPBDPBD@Z 0040295d f i KomaWrap.obj
 0001:000019ba       ??1RscPath@kwk_simple_type@@QAE@XZ 004029ba f i KomaWrap.obj
 0001:000019fa       ??1KomaWrap@ku_parser@@QAE@XZ 004029fa f   KomaWrap.obj
 0001:00001a0c       ?tagPos@KomaWrap@ku_parser@@QAEHPBDW4TaggingMethod@@@Z 00402a0c f   KomaWrap.obj
 0001:00001a5e       ?push_back@?$basic_string@DV?$char_traits@D@_STL@@V?$allocator@D@2@@_STL@@QAEXD@Z 00402a5e f i KomaWrap.obj
 0001:00001aa9       ?assign@?$basic_string@DV?$char_traits@D@_STL@@V?$allocator@D@2@@_STL@@QAEAAV12@PBD0@Z 00402aa9 f i KomaWrap.obj
 0001:00001b18       ?erase@?$basic_string@DV?$char_traits@D@_STL@@V?$allocator@D@2@@_STL@@QAEPADPAD0@Z 00402b18 f i KomaWrap.obj
 0001:00001b4b       ??0?$basic_string@DV?$char_traits@D@_STL@@V?$allocator@D@2@@_STL@@QAE@XZ 00402b4b f i KomaWrap.obj
 0001:00001b8f       ?reserve@?$basic_string@DV?$char_traits@D@_STL@@V?$allocator@D@2@@_STL@@QAEXI@Z 00402b8f f i KomaWrap.obj
 0001:00001c1a       ??H_STL@@YA?AV?$basic_string@DV?$char_traits@D@_STL@@V?$allocator@D@2@@0@ABV10@PBD@Z 00402c1a f i KomaWrap.obj
 0001:00001ce4       ?get_allocator@?$basic_string@DV?$char_traits@D@_STL@@V?$allocator@D@2@@_STL@@QBE?AV?$allocator@D@2@XZ 00402ce4 f i KomaWrap.obj
 0001:00001ce4       ?get_allocator@?$_List_base@U?$pair@V?$basic_string@DV?$char_traits@D@_STL@@V?$allocator@D@2@@_STL@@H@_STL@@V?$allocator@U?$pair@V?$basic_string@DV?$char_traits@D@_STL@@V?$allocator@D@2@@_STL@@H@_STL@@@2@@_STL@@QBE?AV?$allocator@U?$pair@V?$basic_string@DV?$char_traits@D@_STL@@V?$allocator@D@2@@_STL@@H@_STL@@@2@XZ 00402ce4 f i KomaWrap.obj
 0001:00001cf3       ??0?$_STLP_alloc_proxy@PADDV?$allocator@D@_STL@@@_STL@@QAE@ABV?$allocator@D@1@PAD@Z 00402cf3 f i KomaWrap.obj
 0001:00001cfe       ??0?$basic_string@DV?$char_traits@D@_STL@@V?$allocator@D@2@@_STL@@QAE@ABV01@@Z 00402cfe f i KomaWrap.obj
 0001:00001d54       ?_M_assign_dispatch@?$basic_string@DV?$char_traits@D@_STL@@V?$allocator@D@2@@_STL@@AAEAAV12@PAD0ABU__false_type@2@@Z 00402d54 f i KomaWrap.obj
 0001:00001da2       ?append@?$basic_string@DV?$char_traits@D@_STL@@V?$allocator@D@2@@_STL@@AAEAAV12@PBD0ABUforward_iterator_tag@2@@Z 00402da2 f i KomaWrap.obj
 0001:00001ef7       ?__copy_trivial@_STL@@YAPAXPBX0PAX@Z 00402ef7 f i KomaWrap.obj
 0001:00001f1f       ?deallocate@?$__node_alloc@$00$0A@@_STL@@SAXPAXI@Z 00402f1f f i KomaWrap.obj
 0001:00001f44       ?_M_range_initialize@?$basic_string@DV?$char_traits@D@_STL@@V?$allocator@D@2@@_STL@@AAEXPBD0ABUforward_iterator_tag@2@@Z 00402f44 f i KomaWrap.obj
 0001:00001f44       ?_M_range_initialize@?$basic_string@DV?$char_traits@D@_STL@@V?$allocator@D@2@@_STL@@AAEXPAD0ABUforward_iterator_tag@2@@Z 00402f44 f i KomaWrap.obj
 0001:00001f7d       ?append@?$basic_string@DV?$char_traits@D@_STL@@V?$allocator@D@2@@_STL@@AAEAAV12@PAD0ABUforward_iterator_tag@2@@Z 00402f7d f i KomaWrap.obj
 0001:000020c4       ??0Kup@ku_parser@@QAE@PBD_N1@Z 004030c4 f   Kup.obj
 0001:0000232b       ??0KupError@ku_parser@@QAE@PBD@Z 0040332b f i Kup.obj
 0001:00002389       ??_GKupError@ku_parser@@UAEPAXI@Z 00403389 f i Kup.obj
 0001:00002389       ??_EKupError@ku_parser@@UAEPAXI@Z 00403389 f i Kup.obj
 0001:000023a5       ??1KupError@ku_parser@@UAE@XZ 004033a5 f i Kup.obj
 0001:000023aa       ??0KupError@ku_parser@@QAE@ABV01@@Z 004033aa f i Kup.obj
 0001:000023d2       ??1Kup@ku_parser@@QAE@XZ   004033d2 f   Kup.obj
 0001:0000245e       ?DoKup@Kup@ku_parser@@QAE_NPBDAAUPhrases@@W4TaggingMethod@@@Z 0040345e f   Kup.obj
 0001:00002578       ?convertPosTag@ku_parser@@YAPBDPBDPAVStrMapTable@1@@Z 00403578 f   Kup.obj
 0001:00002707       ??0StrMapTable@ku_parser@@QAE@PBD0@Z 00403707 f   Kup.obj
 0001:00002918       ??1?$pair@V?$basic_string@DV?$char_traits@D@_STL@@V?$allocator@D@2@@_STL@@V12@@_STL@@QAE@XZ 00403918 f i Kup.obj
 0001:00002958       ??_D?$basic_ifstream@DV?$char_traits@D@_STL@@@_STL@@QAEXXZ 00403958 f i Kup.obj
 0001:0000296f       ??1StringPair@ku_parser@@QAE@XZ 0040396f f i Kup.obj
 0001:000029af       ?getMappedStr@StrMapTable@ku_parser@@QAEPBDPBD@Z 004039af f   Kup.obj
 0001:000029ee       ??RHtmlTreeOut_TD@KupTrOut@ku_parser@@QBE_NABU?$pair@V?$basic_string@DV?$char_traits@D@_STL@@V?$allocator@D@2@@_STL@@H@_STL@@PAU_iobuf@@@Z 004039ee f   Kup.obj
 0001:00002a3a       ??RHtmlTreeOut@KupTrOut@ku_parser@@QBE_NABV?$list@U?$pair@V?$basic_string@DV?$char_traits@D@_STL@@V?$allocator@D@2@@_STL@@H@_STL@@V?$allocator@U?$pair@V?$basic_string@DV?$char_traits@D@_STL@@V?$allocator@D@2@@_STL@@H@_STL@@@2@@_STL@@PAU_iobuf@@@Z 00403a3a f   Kup.obj
 0001:00002a95       ?bracket@KupTrOut@ku_parser@@QAEXPAU_iobuf@@PAUPhrases@@@Z 00403a95 f   Kup.obj
 0001:00002aac       ?htmlTreeGraph@KupTrOut@ku_parser@@QAEXPAU_iobuf@@PAUPhrases@@@Z 00403aac f   Kup.obj
 0001:00002b5a       ?tree_recurse_real@KupTrOut@ku_parser@@AAEHAAV?$vector@V?$list@U?$pair@V?$basic_string@DV?$char_traits@D@_STL@@V?$allocator@D@2@@_STL@@H@_STL@@V?$allocator@U?$pair@V?$basic_string@DV?$char_traits@D@_STL@@V?$allocator@D@2@@_STL@@H@_STL@@@2@@_STL@@V?$allocator@V?$list@U?$pair@V?$basic_string@DV?$char_traits@D@_STL@@V?$allocator@D@2@@_STL@@H@_STL@@V?$allocator@U?$pair@V?$basic_string@DV?$char_traits@D@_STL@@V?$allocator@D@2@@_STL@@H@_STL@@@2@@_STL@@@2@@_STL@@HPAU_aPhrase@@PAU_Words@@@Z 00403b5a f   Kup.obj
 0001:00002cb7       ??1?$pair@V?$basic_string@DV?$char_traits@D@_STL@@V?$allocator@D@2@@_STL@@H@_STL@@QAE@XZ 00403cb7 f i Kup.obj
 0001:00002cda       ?tree_recurse@KupTrOut@ku_parser@@AAEXAAV?$vector@V?$list@U?$pair@V?$basic_string@DV?$char_traits@D@_STL@@V?$allocator@D@2@@_STL@@H@_STL@@V?$allocator@U?$pair@V?$basic_string@DV?$char_traits@D@_STL@@V?$allocator@D@2@@_STL@@H@_STL@@@2@@_STL@@V?$allocator@V?$list@U?$pair@V?$basic_string@DV?$char_traits@D@_STL@@V?$allocator@D@2@@_STL@@H@_STL@@V?$allocator@U?$pair@V?$basic_string@DV?$char_traits@D@_STL@@V?$allocator@D@2@@_STL@@H@_STL@@@2@@_STL@@@2@@_STL@@PAUPhrases@@PAU_Words@@@Z 00403cda f   Kup.obj
 0001:00002d2d       ?tree_nonRecurse@KupTrOut@ku_parser@@AAEXAAV?$vector@V?$list@U?$pair@V?$basic_string@DV?$char_traits@D@_STL@@V?$allocator@D@2@@_STL@@H@_STL@@V?$allocator@U?$pair@V?$basic_string@DV?$char_traits@D@_STL@@V?$allocator@D@2@@_STL@@H@_STL@@@2@@_STL@@V?$allocator@V?$list@U?$pair@V?$basic_string@DV?$char_traits@D@_STL@@V?$allocator@D@2@@_STL@@H@_STL@@V?$allocator@U?$pair@V?$basic_string@DV?$char_traits@D@_STL@@V?$allocator@D@2@@_STL@@H@_STL@@@2@@_STL@@@2@@_STL@@PAUPhrases@@PAU_Words@@@Z 00403d2d f   Kup.obj
 0001:00002d30       ?htmlPrintOneNode@KupTrOut@ku_parser@@AAE?AV?$basic_string@DV?$char_traits@D@_STL@@V?$allocator@D@2@@_STL@@PAU_aPhrase@@PAU_Words@@@Z 00403d30 f   Kup.obj
 0001:00002ee1       ?erase@?$basic_string@DV?$char_traits@D@_STL@@V?$allocator@D@2@@_STL@@QAEAAV12@II@Z 00403ee1 f i Kup.obj
 0001:00002f2e       ?substr@?$basic_string@DV?$char_traits@D@_STL@@V?$allocator@D@2@@_STL@@QBE?AV12@II@Z 00403f2e f i Kup.obj
 0001:00002fad       ??1?$basic_ios@DV?$char_traits@D@_STL@@@_STL@@UAE@XZ 00403fad f i Kup.obj
 0001:00002fb8       ??0?$pair@V?$basic_string@DV?$char_traits@D@_STL@@V?$allocator@D@2@@_STL@@V12@@_STL@@QAE@ABV?$basic_string@DV?$char_traits@D@_STL@@V?$allocator@D@2@@1@0@Z 00403fb8 f i Kup.obj
 0001:00002ff1       ??1?$vector@VStringPair@ku_parser@@V?$allocator@VStringPair@ku_parser@@@_STL@@@_STL@@QAE@XZ 00403ff1 f i Kup.obj
 0001:00003037       ?push_back@?$vector@VStringPair@ku_parser@@V?$allocator@VStringPair@ku_parser@@@_STL@@@_STL@@QAEXABVStringPair@ku_parser@@@Z 00404037 f i Kup.obj
 0001:0000306e       ??0?$basic_ifstream@DV?$char_traits@D@_STL@@@_STL@@QAE@PBDH@Z 0040406e f i Kup.obj
 0001:00003118       ??1?$basic_istream@DV?$char_traits@D@_STL@@@_STL@@UAE@XZ 00404118 f i Kup.obj
 0001:00003127       ??1?$basic_ifstream@DV?$char_traits@D@_STL@@@_STL@@UAE@XZ 00404127 f i Kup.obj
 0001:00003176       ?push_back@?$list@U?$pair@V?$basic_string@DV?$char_traits@D@_STL@@V?$allocator@D@2@@_STL@@H@_STL@@V?$allocator@U?$pair@V?$basic_string@DV?$char_traits@D@_STL@@V?$allocator@D@2@@_STL@@H@_STL@@@2@@_STL@@QAEXABU?$pair@V?$basic_string@DV?$char_traits@D@_STL@@V?$allocator@D@2@@_STL@@H@2@@Z 00404176 f i Kup.obj
 0001:00003196       ?rbegin@?$vector@V?$list@U?$pair@V?$basic_string@DV?$char_traits@D@_STL@@V?$allocator@D@2@@_STL@@H@_STL@@V?$allocator@U?$pair@V?$basic_string@DV?$char_traits@D@_STL@@V?$allocator@D@2@@_STL@@H@_STL@@@2@@_STL@@V?$allocator@V?$list@U?$pair@V?$basic_string@DV?$char_traits@D@_STL@@V?$allocator@D@2@@_STL@@H@_STL@@V?$allocator@U?$pair@V?$basic_string@DV?$char_traits@D@_STL@@V?$allocator@D@2@@_STL@@H@_STL@@@2@@_STL@@@2@@_STL@@QAE?AV?$reverse_iterator@PAV?$list@U?$pair@V?$basic_string@DV?$char_traits@D@_STL@@V?$allocator@D@2@@_STL@@H@_STL@@V?$allocator@U?$pair@V?$basic_string@DV?$char_traits@D@_STL@@V?$allocator@D@2@@_STL@@H@_STL@@@2@@_STL@@V12@AAV12@PAV12@H@2@XZ 00404196 f i Kup.obj
 0001:000031a2       ?rend@?$vector@V?$list@U?$pair@V?$basic_string@DV?$char_traits@D@_STL@@V?$allocator@D@2@@_STL@@H@_STL@@V?$allocator@U?$pair@V?$basic_string@DV?$char_traits@D@_STL@@V?$allocator@D@2@@_STL@@H@_STL@@@2@@_STL@@V?$allocator@V?$list@U?$pair@V?$basic_string@DV?$char_traits@D@_STL@@V?$allocator@D@2@@_STL@@H@_STL@@V?$allocator@U?$pair@V?$basic_string@DV?$char_traits@D@_STL@@V?$allocator@D@2@@_STL@@H@_STL@@@2@@_STL@@@2@@_STL@@QAE?AV?$reverse_iterator@PAV?$list@U?$pair@V?$basic_string@DV?$char_traits@D@_STL@@V?$allocator@D@2@@_STL@@H@_STL@@V?$allocator@U?$pair@V?$basic_string@DV?$char_traits@D@_STL@@V?$allocator@D@2@@_STL@@H@_STL@@@2@@_STL@@V12@AAV12@PAV12@H@2@XZ 004041a2 f i Kup.obj
 0001:000031a2       ?end@?$list@U?$pair@V?$basic_string@DV?$char_traits@D@_STL@@V?$allocator@D@2@@_STL@@H@_STL@@V?$allocator@U?$pair@V?$basic_string@DV?$char_traits@D@_STL@@V?$allocator@D@2@@_STL@@H@_STL@@@2@@_STL@@QAE?AU?$_List_iterator@U?$pair@V?$basic_string@DV?$char_traits@D@_STL@@V?$allocator@D@2@@_STL@@H@_STL@@U?$_Nonconst_traits@U?$pair@V?$basic_string@DV?$char_traits@D@_STL@@V?$allocator@D@2@@_STL@@H@_STL@@@2@@2@XZ 004041a2 f i Kup.obj
 0001:000031ad       ??1?$vector@V?$list@U?$pair@V?$basic_string@DV?$char_traits@D@_STL@@V?$allocator@D@2@@_STL@@H@_STL@@V?$allocator@U?$pair@V?$basic_string@DV?$char_traits@D@_STL@@V?$allocator@D@2@@_STL@@H@_STL@@@2@@_STL@@V?$allocator@V?$list@U?$pair@V?$basic_string@DV?$char_traits@D@_STL@@V?$allocator@D@2@@_STL@@H@_STL@@V?$allocator@U?$pair@V?$basic_string@DV?$char_traits@D@_STL@@V?$allocator@D@2@@_STL@@H@_STL@@@2@@_STL@@@2@@_STL@@QAE@XZ 004041ad f i Kup.obj
 0001:000031f3       ?resize@?$vector@V?$list@U?$pair@V?$basic_string@DV?$char_traits@D@_STL@@V?$allocator@D@2@@_STL@@H@_STL@@V?$allocator@U?$pair@V?$basic_string@DV?$char_traits@D@_STL@@V?$allocator@D@2@@_STL@@H@_STL@@@2@@_STL@@V?$allocator@V?$list@U?$pair@V?$basic_string@DV?$char_traits@D@_STL@@V?$allocator@D@2@@_STL@@H@_STL@@V?$allocator@U?$pair@V?$basic_string@DV?$char_traits@D@_STL@@V?$allocator@D@2@@_STL@@H@_STL@@@2@@_STL@@@2@@_STL@@QAEXI@Z 004041f3 f i Kup.obj
 0001:0000324d       ??_E?$basic_ios@DV?$char_traits@D@_STL@@@_STL@@UAEPAXI@Z 0040424d f i Kup.obj
 0001:0000324d       ??_G?$basic_ios@DV?$char_traits@D@_STL@@@_STL@@UAEPAXI@Z 0040424d f i Kup.obj
 0001:00003269       ??_G?$basic_istream@DV?$char_traits@D@_STL@@@_STL@@UAEPAXI@Z 00404269 f i Kup.obj
 0001:00003269       ??_E?$basic_istream@DV?$char_traits@D@_STL@@@_STL@@UAEPAXI@Z 00404269 f i Kup.obj
 0001:00003288       ??_E?$basic_ifstream@DV?$char_traits@D@_STL@@@_STL@@UAEPAXI@Z 00404288 f i Kup.obj
 0001:00003288       ??_G?$basic_ifstream@DV?$char_traits@D@_STL@@@_STL@@UAEPAXI@Z 00404288 f i Kup.obj
 0001:000032b9       ??_D?$basic_istream@DV?$char_traits@D@_STL@@@_STL@@QAEXXZ 004042b9 f i Kup.obj
 0001:000032ce       ?_M_insert_overflow@?$vector@VStringPair@ku_parser@@V?$allocator@VStringPair@ku_parser@@@_STL@@@_STL@@IAEXPAVStringPair@ku_parser@@ABV34@ABU__false_type@2@I_N@Z 004042ce f i Kup.obj
 0001:000033ee       ??0?$_Vector_base@VStringPair@ku_parser@@V?$allocator@VStringPair@ku_parser@@@_STL@@@_STL@@QAE@ABV?$allocator@VStringPair@ku_parser@@@1@@Z 004043ee f i Kup.obj
 0001:000033fd       ??1?$_Vector_base@VStringPair@ku_parser@@V?$allocator@VStringPair@ku_parser@@@_STL@@@_STL@@QAE@XZ 004043fd f i Kup.obj
 0001:0000344c       ??0?$basic_istream@DV?$char_traits@D@_STL@@@_STL@@QAE@PAV?$basic_streambuf@DV?$char_traits@D@_STL@@@1@@Z 0040444c f i Kup.obj
 0001:000034b1       ?insert@?$list@U?$pair@V?$basic_string@DV?$char_traits@D@_STL@@V?$allocator@D@2@@_STL@@H@_STL@@V?$allocator@U?$pair@V?$basic_string@DV?$char_traits@D@_STL@@V?$allocator@D@2@@_STL@@H@_STL@@@2@@_STL@@QAE?AU?$_List_iterator@U?$pair@V?$basic_string@DV?$char_traits@D@_STL@@V?$allocator@D@2@@_STL@@H@_STL@@U?$_Nonconst_traits@U?$pair@V?$basic_string@DV?$char_traits@D@_STL@@V?$allocator@D@2@@_STL@@H@_STL@@@2@@2@U32@ABU?$pair@V?$basic_string@DV?$char_traits@D@_STL@@V?$allocator@D@2@@_STL@@H@2@@Z 004044b1 f i Kup.obj
 0001:000034d6       ??0?$allocator@U?$pair@V?$basic_string@DV?$char_traits@D@_STL@@V?$allocator@D@2@@_STL@@H@_STL@@@_STL@@QAE@XZ 004044d6 f i Kup.obj
 0001:000034d9       ?resize@?$vector@V?$list@U?$pair@V?$basic_string@DV?$char_traits@D@_STL@@V?$allocator@D@2@@_STL@@H@_STL@@V?$allocator@U?$pair@V?$basic_string@DV?$char_traits@D@_STL@@V?$allocator@D@2@@_STL@@H@_STL@@@2@@_STL@@V?$allocator@V?$list@U?$pair@V?$basic_string@DV?$char_traits@D@_STL@@V?$allocator@D@2@@_STL@@H@_STL@@V?$allocator@U?$pair@V?$basic_string@DV?$char_traits@D@_STL@@V?$allocator@D@2@@_STL@@H@_STL@@@2@@_STL@@@2@@_STL@@QAEXIV?$list@U?$pair@V?$basic_string@DV?$char_traits@D@_STL@@V?$allocator@D@2@@_STL@@H@_STL@@V?$allocator@U?$pair@V?$basic_string@DV?$char_traits@D@_STL@@V?$allocator@D@2@@_STL@@H@_STL@@@2@@2@@Z 004044d9 f i Kup.obj
 0001:00003531       ??1?$list@U?$pair@V?$basic_string@DV?$char_traits@D@_STL@@V?$allocator@D@2@@_STL@@H@_STL@@V?$allocator@U?$pair@V?$basic_string@DV?$char_traits@D@_STL@@V?$allocator@D@2@@_STL@@H@_STL@@@2@@_STL@@QAE@XZ 00404531 f i Kup.obj
 0001:00003536       ??1?$_Vector_base@V?$list@U?$pair@V?$basic_string@DV?$char_traits@D@_STL@@V?$allocator@D@2@@_STL@@H@_STL@@V?$allocator@U?$pair@V?$basic_string@DV?$char_traits@D@_STL@@V?$allocator@D@2@@_STL@@H@_STL@@@2@@_STL@@V?$allocator@V?$list@U?$pair@V?$basic_string@DV?$char_traits@D@_STL@@V?$allocator@D@2@@_STL@@H@_STL@@V?$allocator@U?$pair@V?$basic_string@DV?$char_traits@D@_STL@@V?$allocator@D@2@@_STL@@H@_STL@@@2@@_STL@@@2@@_STL@@QAE@XZ 00404536 f i Kup.obj
 0001:0000357d       ??1?$_STLP_alloc_proxy@PAV?$list@U?$pair@V?$basic_string@DV?$char_traits@D@_STL@@V?$allocator@D@2@@_STL@@H@_STL@@V?$allocator@U?$pair@V?$basic_string@DV?$char_traits@D@_STL@@V?$allocator@D@2@@_STL@@H@_STL@@@2@@_STL@@V12@V?$allocator@V?$list@U?$pair@V?$basic_string@DV?$char_traits@D@_STL@@V?$allocator@D@2@@_STL@@H@_STL@@V?$allocator@U?$pair@V?$basic_string@DV?$char_traits@D@_STL@@V?$allocator@D@2@@_STL@@H@_STL@@@2@@_STL@@@2@@_STL@@QAE@XZ 0040457d f i Kup.obj
 0001:0000357d       ??1?$_STLP_alloc_proxy@PAVStringPair@ku_parser@@V12@V?$allocator@VStringPair@ku_parser@@@_STL@@@_STL@@QAE@XZ 0040457d f i Kup.obj
 0001:0000357d       ??1?$_STLP_alloc_proxy@PAU?$_List_node@U?$pair@V?$basic_string@DV?$char_traits@D@_STL@@V?$allocator@D@2@@_STL@@H@_STL@@@_STL@@U12@V?$allocator@U?$pair@V?$basic_string@DV?$char_traits@D@_STL@@V?$allocator@D@2@@_STL@@H@_STL@@@2@@_STL@@QAE@XZ 0040457d f i Kup.obj
 0001:0000357d       ??1?$allocator@VStringPair@ku_parser@@@_STL@@QAE@XZ 0040457d f i Kup.obj
 0001:0000357d       ??1sentry@?$basic_istream@DV?$char_traits@D@_STL@@@_STL@@QAE@XZ 0040457d f i Kup.obj
 0001:0000357d       ??1?$_STLP_alloc_proxy@PADDV?$allocator@D@_STL@@@_STL@@QAE@XZ 0040457d f i Kup.obj
 0001:0000357d       ??1?$allocator@D@_STL@@QAE@XZ 0040457d f i Kup.obj
 0001:0000357d       ??3@YAXPAX0@Z              0040457d f i Kup.obj
 0001:0000357d       ??1?$allocator@U?$pair@V?$basic_string@DV?$char_traits@D@_STL@@V?$allocator@D@2@@_STL@@H@_STL@@@_STL@@QAE@XZ 0040457d f i Kup.obj
 0001:0000357d       ??1?$_STLP_alloc_proxy@PAPAXPAXV?$allocator@PAX@_STL@@@_STL@@QAE@XZ 0040457d f i Kup.obj
 0001:0000357e       ?clear@?$basic_ios@DV?$char_traits@D@_STL@@@_STL@@QAEXH@Z 0040457e f i Kup.obj
 0001:0000359a       ?_M_clear@?$vector@VStringPair@ku_parser@@V?$allocator@VStringPair@ku_parser@@@_STL@@@_STL@@IAEXXZ 0040459a f i Kup.obj
 0001:000035e7       ?allocate@?$_STLP_alloc_proxy@PAU?$_List_node@U?$pair@V?$basic_string@DV?$char_traits@D@_STL@@V?$allocator@D@2@@_STL@@H@_STL@@@_STL@@U12@V?$allocator@U?$pair@V?$basic_string@DV?$char_traits@D@_STL@@V?$allocator@D@2@@_STL@@H@_STL@@@2@@_STL@@QAEPAU?$_List_node@U?$pair@V?$basic_string@DV?$char_traits@D@_STL@@V?$allocator@D@2@@_STL@@H@_STL@@@2@I@Z 004045e7 f i Kup.obj
 0001:000035e7       ?allocate@?$_STLP_alloc_proxy@PAVStringPair@ku_parser@@V12@V?$allocator@VStringPair@ku_parser@@@_STL@@@_STL@@QAEPAVStringPair@ku_parser@@I@Z 004045e7 f i Kup.obj
 0001:00003611       ?_M_create_node@?$list@U?$pair@V?$basic_string@DV?$char_traits@D@_STL@@V?$allocator@D@2@@_STL@@H@_STL@@V?$allocator@U?$pair@V?$basic_string@DV?$char_traits@D@_STL@@V?$allocator@D@2@@_STL@@H@_STL@@@2@@_STL@@IAEPAU?$_List_node@U?$pair@V?$basic_string@DV?$char_traits@D@_STL@@V?$allocator@D@2@@_STL@@H@_STL@@@2@ABU?$pair@V?$basic_string@DV?$char_traits@D@_STL@@V?$allocator@D@2@@_STL@@H@2@@Z 00404611 f i Kup.obj
 0001:00003684       ??1?$_List_base@U?$pair@V?$basic_string@DV?$char_traits@D@_STL@@V?$allocator@D@2@@_STL@@H@_STL@@V?$allocator@U?$pair@V?$basic_string@DV?$char_traits@D@_STL@@V?$allocator@D@2@@_STL@@H@_STL@@@2@@_STL@@QAE@XZ 00404684 f i Kup.obj
 0001:000036bb       ?erase@?$vector@V?$list@U?$pair@V?$basic_string@DV?$char_traits@D@_STL@@V?$allocator@D@2@@_STL@@H@_STL@@V?$allocator@U?$pair@V?$basic_string@DV?$char_traits@D@_STL@@V?$allocator@D@2@@_STL@@H@_STL@@@2@@_STL@@V?$allocator@V?$list@U?$pair@V?$basic_string@DV?$char_traits@D@_STL@@V?$allocator@D@2@@_STL@@H@_STL@@V?$allocator@U?$pair@V?$basic_string@DV?$char_traits@D@_STL@@V?$allocator@D@2@@_STL@@H@_STL@@@2@@_STL@@@2@@_STL@@QAEPAV?$list@U?$pair@V?$basic_string@DV?$char_traits@D@_STL@@V?$allocator@D@2@@_STL@@H@_STL@@V?$allocator@U?$pair@V?$basic_string@DV?$char_traits@D@_STL@@V?$allocator@D@2@@_STL@@H@_STL@@@2@@2@PAV32@0@Z 004046bb f i Kup.obj
 0001:00003715       ?deallocate@?$_STLP_alloc_proxy@PADDV?$allocator@D@_STL@@@_STL@@QAEXPADI@Z 00404715 f i Kup.obj
 0001:00003742       ?find@?$basic_string@DV?$char_traits@D@_STL@@V?$allocator@D@2@@_STL@@QBEIPBDII@Z 00404742 f i Kup.obj
 0001:00003790       ?find_first_of@?$basic_string@DV?$char_traits@D@_STL@@V?$allocator@D@2@@_STL@@QBEIPBDII@Z 00404790 f i Kup.obj
 0001:000037e5       ??0?$basic_ios@DV?$char_traits@D@_STL@@@_STL@@IAE@XZ 004047e5 f i Kup.obj
 0001:00003802       ?init@?$basic_ios@DV?$char_traits@D@_STL@@@_STL@@IAEXPAV?$basic_streambuf@DV?$char_traits@D@_STL@@@2@@Z 00404802 f i Kup.obj
 0001:00003881       ?_M_put_nowiden@?$basic_ostream@DV?$char_traits@D@_STL@@@_STL@@QAEXPBD@Z 00404881 f i Kup.obj
 0001:000039e3       ??0?$basic_filebuf@DV?$char_traits@D@_STL@@@_STL@@QAE@XZ 004049e3 f i Kup.obj
 0001:00003aa6       ??0?$basic_streambuf@DV?$char_traits@D@_STL@@@_STL@@IAE@XZ 00404aa6 f i Kup.obj
 0001:00003ae2       ??_E?$basic_streambuf@DV?$char_traits@D@_STL@@@_STL@@UAEPAXI@Z 00404ae2 f i Kup.obj
 0001:00003ae2       ??_G?$basic_streambuf@DV?$char_traits@D@_STL@@@_STL@@UAEPAXI@Z 00404ae2 f i Kup.obj
 0001:00003afe       ??1?$basic_filebuf@DV?$char_traits@D@_STL@@@_STL@@UAE@XZ 00404afe f i Kup.obj
 0001:00003b3d       ?showmanyc@?$basic_filebuf@DV?$char_traits@D@_STL@@@_STL@@MAEHXZ 00404b3d f i Kup.obj
 0001:00003b94       ?underflow@?$basic_filebuf@DV?$char_traits@D@_STL@@@_STL@@MAEHXZ 00404b94 f i Kup.obj
 0001:00003b9c       ?pbackfail@?$basic_filebuf@DV?$char_traits@D@_STL@@@_STL@@MAEHH@Z 00404b9c f i Kup.obj
 0001:00003c60       ?overflow@?$basic_filebuf@DV?$char_traits@D@_STL@@@_STL@@MAEHH@Z 00404c60 f i Kup.obj
 0001:00003d4f       ?setbuf@?$basic_filebuf@DV?$char_traits@D@_STL@@@_STL@@MAEPAV?$basic_streambuf@DV?$char_traits@D@_STL@@@2@PADH@Z 00404d4f f i Kup.obj
 0001:00003d93       ?seekoff@?$basic_filebuf@DV?$char_traits@D@_STL@@@_STL@@MAE?AV?$fpos@H@2@JHH@Z 00404d93 f i Kup.obj
 0001:00004043       ?seekpos@?$basic_filebuf@DV?$char_traits@D@_STL@@@_STL@@MAE?AV?$fpos@H@2@V32@H@Z 00405043 f i Kup.obj
 0001:0000409d       ?sync@?$basic_filebuf@DV?$char_traits@D@_STL@@@_STL@@MAEHXZ 0040509d f i Kup.obj
 0001:000040b9       ?imbue@?$basic_filebuf@DV?$char_traits@D@_STL@@@_STL@@MAEXABVlocale@2@@Z 004050b9 f i Kup.obj
 0001:000040d6       ?clear@?$_List_base@U?$pair@V?$basic_string@DV?$char_traits@D@_STL@@V?$allocator@D@2@@_STL@@H@_STL@@V?$allocator@U?$pair@V?$basic_string@DV?$char_traits@D@_STL@@V?$allocator@D@2@@_STL@@H@_STL@@@2@@_STL@@QAEXXZ 004050d6 f i Kup.obj
 0001:0000410e       ?_M_fill_insert@?$vector@V?$list@U?$pair@V?$basic_string@DV?$char_traits@D@_STL@@V?$allocator@D@2@@_STL@@H@_STL@@V?$allocator@U?$pair@V?$basic_string@DV?$char_traits@D@_STL@@V?$allocator@D@2@@_STL@@H@_STL@@@2@@_STL@@V?$allocator@V?$list@U?$pair@V?$basic_string@DV?$char_traits@D@_STL@@V?$allocator@D@2@@_STL@@H@_STL@@V?$allocator@U?$pair@V?$basic_string@DV?$char_traits@D@_STL@@V?$allocator@D@2@@_STL@@H@_STL@@@2@@_STL@@@2@@_STL@@QAEXPAV?$list@U?$pair@V?$basic_string@DV?$char_traits@D@_STL@@V?$allocator@D@2@@_STL@@H@_STL@@V?$allocator@U?$pair@V?$basic_string@DV?$char_traits@D@_STL@@V?$allocator@D@2@@_STL@@H@_STL@@@2@@2@IABV32@@Z 0040510e f i Kup.obj
 0001:00004248       ?for_each@_STL@@YA?AV?$binder2nd@UHtmlTreeOut@KupTrOut@ku_parser@@@1@V?$reverse_iterator@PAV?$list@U?$pair@V?$basic_string@DV?$char_traits@D@_STL@@V?$allocator@D@2@@_STL@@H@_STL@@V?$allocator@U?$pair@V?$basic_string@DV?$char_traits@D@_STL@@V?$allocator@D@2@@_STL@@H@_STL@@@2@@_STL@@V12@AAV12@PAV12@H@1@0V21@@Z 00405248 f i Kup.obj
 0001:00004281       ?_Construct@_STL@@YAXPAVStringPair@ku_parser@@ABV23@@Z 00405281 f i Kup.obj
 0001:000042c5       ?__uninitialized_copy@_STL@@YAPAVStringPair@ku_parser@@PAV23@00ABU__false_type@1@@Z 004052c5 f i Kup.obj
 0001:0000432c       ?__uninitialized_fill_n@_STL@@YAPAVStringPair@ku_parser@@PAV23@IABV23@ABU__false_type@1@@Z 0040532c f i Kup.obj
 0001:00004393       ??_E?$basic_filebuf@DV?$char_traits@D@_STL@@@_STL@@UAEPAXI@Z 00405393 f i Kup.obj
 0001:00004393       ??_G?$basic_filebuf@DV?$char_traits@D@_STL@@@_STL@@UAEPAXI@Z 00405393 f i Kup.obj
 0001:000043af       ??1sentry@?$basic_ostream@DV?$char_traits@D@_STL@@@_STL@@QAE@XZ 004053af f i Kup.obj
 0001:000043c3       ?_M_seek_return@?$basic_filebuf@DV?$char_traits@D@_STL@@@_STL@@AAE?AV?$fpos@H@2@JH@Z 004053c3 f i Kup.obj
 0001:00004412       ??0?$list@U?$pair@V?$basic_string@DV?$char_traits@D@_STL@@V?$allocator@D@2@@_STL@@H@_STL@@V?$allocator@U?$pair@V?$basic_string@DV?$char_traits@D@_STL@@V?$allocator@D@2@@_STL@@H@_STL@@@2@@_STL@@QAE@ABV01@@Z 00405412 f i Kup.obj
 0001:0000447f       ?_M_insert_overflow@?$vector@V?$list@U?$pair@V?$basic_string@DV?$char_traits@D@_STL@@V?$allocator@D@2@@_STL@@H@_STL@@V?$allocator@U?$pair@V?$basic_string@DV?$char_traits@D@_STL@@V?$allocator@D@2@@_STL@@H@_STL@@@2@@_STL@@V?$allocator@V?$list@U?$pair@V?$basic_string@DV?$char_traits@D@_STL@@V?$allocator@D@2@@_STL@@H@_STL@@V?$allocator@U?$pair@V?$basic_string@DV?$char_traits@D@_STL@@V?$allocator@D@2@@_STL@@H@_STL@@@2@@_STL@@@2@@_STL@@IAEXPAV?$list@U?$pair@V?$basic_string@DV?$char_traits@D@_STL@@V?$allocator@D@2@@_STL@@H@_STL@@V?$allocator@U?$pair@V?$basic_string@DV?$char_traits@D@_STL@@V?$allocator@D@2@@_STL@@H@_STL@@@2@@2@ABV32@ABU__false_type@2@I_N@Z 0040547f f i Kup.obj
 0001:000045a5       ??1?$_Filebuf_Tmp_Buf@D@_STL@@QAE@XZ 004055a5 f i Kup.obj
 0001:000045ae       ?flush@?$basic_ostream@DV?$char_traits@D@_STL@@@_STL@@QAEAAV12@XZ 004055ae f i Kup.obj
 0001:000045df       ?begin@?$list@U?$pair@V?$basic_string@DV?$char_traits@D@_STL@@V?$allocator@D@2@@_STL@@H@_STL@@V?$allocator@U?$pair@V?$basic_string@DV?$char_traits@D@_STL@@V?$allocator@D@2@@_STL@@H@_STL@@@2@@_STL@@QAE?AU?$_List_iterator@U?$pair@V?$basic_string@DV?$char_traits@D@_STL@@V?$allocator@D@2@@_STL@@H@_STL@@U?$_Nonconst_traits@U?$pair@V?$basic_string@DV?$char_traits@D@_STL@@V?$allocator@D@2@@_STL@@H@_STL@@@2@@2@XZ 004055df f i Kup.obj
 0001:000045ec       ?_M_clear@?$vector@V?$list@U?$pair@V?$basic_string@DV?$char_traits@D@_STL@@V?$allocator@D@2@@_STL@@H@_STL@@V?$allocator@U?$pair@V?$basic_string@DV?$char_traits@D@_STL@@V?$allocator@D@2@@_STL@@H@_STL@@@2@@_STL@@V?$allocator@V?$list@U?$pair@V?$basic_string@DV?$char_traits@D@_STL@@V?$allocator@D@2@@_STL@@H@_STL@@V?$allocator@U?$pair@V?$basic_string@DV?$char_traits@D@_STL@@V?$allocator@D@2@@_STL@@H@_STL@@@2@@_STL@@@2@@_STL@@IAEXXZ 004055ec f i Kup.obj
 0001:00004633       ?search@_STL@@YAPBDPBD000U?$_Eq_traits@V?$char_traits@D@_STL@@@1@@Z 00405633 f i Kup.obj
 0001:000046bb       ?imbue@?$basic_ios@DV?$char_traits@D@_STL@@@_STL@@QAE?AVlocale@2@ABV32@@Z 004056bb f i Kup.obj
 0001:0000477f       ?grouping@?$numpunct@D@_STL@@QBE?AV?$basic_string@DV?$char_traits@D@_STL@@V?$allocator@D@2@@2@XZ 0040577f f i Kup.obj
 0001:00004796       ?close@?$basic_filebuf@DV?$char_traits@D@_STL@@@_STL@@QAEPAV12@XZ 00405796 f i Kup.obj
 0001:0000484f       ?_M_exit_input_mode@?$basic_filebuf@DV?$char_traits@D@_STL@@@_STL@@AAEXXZ 0040584f f i Kup.obj
 0001:00004878       ?_M_switch_to_output_mode@?$basic_filebuf@DV?$char_traits@D@_STL@@@_STL@@AAE_NXZ 00405878 f i Kup.obj
 0001:000048e5       ?_M_output_error@?$basic_filebuf@DV?$char_traits@D@_STL@@@_STL@@AAEHXZ 004058e5 f i Kup.obj
 0001:00004900       ?_M_allocate_buffers@?$basic_filebuf@DV?$char_traits@D@_STL@@@_STL@@AAE_NPADH@Z 00405900 f i Kup.obj
 0001:000049a2       ?_M_deallocate_buffers@?$basic_filebuf@DV?$char_traits@D@_STL@@@_STL@@AAEXXZ 004059a2 f i Kup.obj
 0001:000049ce       ?_M_seek_init@?$basic_filebuf@DV?$char_traits@D@_STL@@@_STL@@AAE_N_N@Z 004059ce f i Kup.obj
 0001:00004a32       ?_M_setup_codecvt@?$basic_filebuf@DV?$char_traits@D@_STL@@@_STL@@AAEXABVlocale@2@@Z 00405a32 f i Kup.obj
 0001:00004a9d       ?sputc@?$basic_streambuf@DV?$char_traits@D@_STL@@@_STL@@QAEHD@Z 00405a9d f i Kup.obj
 0001:00004ac9       ?getline@_STL@@YAAAV?$basic_istream@DV?$char_traits@D@_STL@@@1@AAV21@AAV?$basic_string@DV?$char_traits@D@_STL@@V?$allocator@D@2@@1@D@Z 00405ac9 f i Kup.obj
 0001:00004b75       ?sbumpc@?$basic_streambuf@DV?$char_traits@D@_STL@@@_STL@@QAEHXZ 00405b75 f i Kup.obj
 0001:00004b92       ?__find_if@_STL@@YAPAVStringPair@ku_parser@@PAV23@0V?$binder2nd@UTblCmp@StrMapTable@ku_parser@@@1@ABUrandom_access_iterator_tag@1@@Z 00405b92 f i Kup.obj
 0001:00004c5b       ?__uninitialized_copy@_STL@@YAPAV?$list@U?$pair@V?$basic_string@DV?$char_traits@D@_STL@@V?$allocator@D@2@@_STL@@H@_STL@@V?$allocator@U?$pair@V?$basic_string@DV?$char_traits@D@_STL@@V?$allocator@D@2@@_STL@@H@_STL@@@2@@1@PAV21@00ABU__false_type@1@@Z 00405c5b f i Kup.obj
 0001:00004ccf       ?_M_append_dispatch@?$basic_string@DV?$char_traits@D@_STL@@V?$allocator@D@2@@_STL@@AAEAAV12@PBD0ABU__false_type@2@@Z 00405ccf f i Kup.obj
 0001:00004cec       ?_M_init@_STL@@YA_NAAV?$basic_ostream@DV?$char_traits@D@_STL@@@1@@Z 00405cec f i Kup.obj
 0001:00004d39       ?insert@?$list@U?$pair@V?$basic_string@DV?$char_traits@D@_STL@@V?$allocator@D@2@@_STL@@H@_STL@@V?$allocator@U?$pair@V?$basic_string@DV?$char_traits@D@_STL@@V?$allocator@D@2@@_STL@@H@_STL@@@2@@_STL@@QAEXU?$_List_iterator@U?$pair@V?$basic_string@DV?$char_traits@D@_STL@@V?$allocator@D@2@@_STL@@H@_STL@@U?$_Nonconst_traits@U?$pair@V?$basic_string@DV?$char_traits@D@_STL@@V?$allocator@D@2@@_STL@@H@_STL@@@2@@2@U?$_List_iterator@U?$pair@V?$basic_string@DV?$char_traits@D@_STL@@V?$allocator@D@2@@_STL@@H@_STL@@U?$_Const_traits@U?$pair@V?$basic_string@DV?$char_traits@D@_STL@@V?$allocator@D@2@@_STL@@H@_STL@@@2@@2@1@Z 00405d39 f i Kup.obj
 0001:00004d61       ?__uninitialized_fill_n@_STL@@YAPAV?$list@U?$pair@V?$basic_string@DV?$char_traits@D@_STL@@V?$allocator@D@2@@_STL@@H@_STL@@V?$allocator@U?$pair@V?$basic_string@DV?$char_traits@D@_STL@@V?$allocator@D@2@@_STL@@H@_STL@@@2@@1@PAV21@IABV21@ABU__false_type@1@@Z 00405d61 f i Kup.obj
 0001:00004dd5       ??0sentry@?$basic_istream@DV?$char_traits@D@_STL@@@_STL@@QAE@AAV12@_N@Z 00405dd5 f i Kup.obj
 0001:00004e06       ?_M_exit_putback_mode@?$basic_filebuf@DV?$char_traits@D@_STL@@@_STL@@AAEXXZ 00405e06 f i Kup.obj
 0001:00004e2e       ??0?$_List_iterator@U?$pair@V?$basic_string@DV?$char_traits@D@_STL@@V?$allocator@D@2@@_STL@@H@_STL@@U?$_Nonconst_traits@U?$pair@V?$basic_string@DV?$char_traits@D@_STL@@V?$allocator@D@2@@_STL@@H@_STL@@@2@@_STL@@QAE@ABU01@@Z 00405e2e f i Kup.obj
 0001:00004e3b       ?_M_unshift@?$basic_filebuf@DV?$char_traits@D@_STL@@@_STL@@AAE_NXZ 00405e3b f i Kup.obj
 0001:00004eab       ??4?$list@U?$pair@V?$basic_string@DV?$char_traits@D@_STL@@V?$allocator@D@2@@_STL@@H@_STL@@V?$allocator@U?$pair@V?$basic_string@DV?$char_traits@D@_STL@@V?$allocator@D@2@@_STL@@H@_STL@@@2@@_STL@@QAEAAV01@ABV01@@Z 00405eab f i Kup.obj
 0001:00004f2f       ?_M_insert_dispatch@?$list@U?$pair@V?$basic_string@DV?$char_traits@D@_STL@@V?$allocator@D@2@@_STL@@H@_STL@@V?$allocator@U?$pair@V?$basic_string@DV?$char_traits@D@_STL@@V?$allocator@D@2@@_STL@@H@_STL@@@2@@_STL@@QAEXU?$_List_iterator@U?$pair@V?$basic_string@DV?$char_traits@D@_STL@@V?$allocator@D@2@@_STL@@H@_STL@@U?$_Nonconst_traits@U?$pair@V?$basic_string@DV?$char_traits@D@_STL@@V?$allocator@D@2@@_STL@@H@_STL@@@2@@2@U?$_List_iterator@U?$pair@V?$basic_string@DV?$char_traits@D@_STL@@V?$allocator@D@2@@_STL@@H@_STL@@U?$_Const_traits@U?$pair@V?$basic_string@DV?$char_traits@D@_STL@@V?$allocator@D@2@@_STL@@H@_STL@@@2@@2@1ABU__false_type@2@@Z 00405f2f f i Kup.obj
 0001:00004f63       ?_M_init_noskip@_STL@@YA_NAAV?$basic_istream@DV?$char_traits@D@_STL@@@1@@Z 00405f63 f i Kup.obj
 0001:00004fb6       ?_M_init_skip@_STL@@YA_NAAV?$basic_istream@DV?$char_traits@D@_STL@@@1@@Z 00405fb6 f i Kup.obj
 0001:00005000       ??4?$pair@V?$basic_string@DV?$char_traits@D@_STL@@V?$allocator@D@2@@_STL@@H@_STL@@QAEAAU01@ABU01@@Z 00406000 f i Kup.obj
 0001:0000502a       ?erase@?$list@U?$pair@V?$basic_string@DV?$char_traits@D@_STL@@V?$allocator@D@2@@_STL@@H@_STL@@V?$allocator@U?$pair@V?$basic_string@DV?$char_traits@D@_STL@@V?$allocator@D@2@@_STL@@H@_STL@@@2@@_STL@@QAE?AU?$_List_iterator@U?$pair@V?$basic_string@DV?$char_traits@D@_STL@@V?$allocator@D@2@@_STL@@H@_STL@@U?$_Nonconst_traits@U?$pair@V?$basic_string@DV?$char_traits@D@_STL@@V?$allocator@D@2@@_STL@@H@_STL@@@2@@2@U32@0@Z 0040602a f i Kup.obj
 0001:0000505e       ?erase@?$list@U?$pair@V?$basic_string@DV?$char_traits@D@_STL@@V?$allocator@D@2@@_STL@@H@_STL@@V?$allocator@U?$pair@V?$basic_string@DV?$char_traits@D@_STL@@V?$allocator@D@2@@_STL@@H@_STL@@@2@@_STL@@QAE?AU?$_List_iterator@U?$pair@V?$basic_string@DV?$char_traits@D@_STL@@V?$allocator@D@2@@_STL@@H@_STL@@U?$_Nonconst_traits@U?$pair@V?$basic_string@DV?$char_traits@D@_STL@@V?$allocator@D@2@@_STL@@H@_STL@@@2@@2@U32@@Z 0040605e f i Kup.obj
 0001:0000508f       ?_M_skip_whitespace@?$basic_istream@DV?$char_traits@D@_STL@@@_STL@@QAEX_N@Z 0040608f f i Kup.obj
 0001:000050e1       ?_M_ignore_buffered@_STL@@YAXPAV?$basic_istream@DV?$char_traits@D@_STL@@@1@PAV?$basic_streambuf@DV?$char_traits@D@_STL@@@1@U?$_Is_not_wspace@V?$char_traits@D@_STL@@@1@U?$_Scan_for_not_wspace@V?$char_traits@D@_STL@@@1@_N4@Z 004060e1 f i Kup.obj
 0001:000051d9       ?sgetc@?$basic_streambuf@DV?$char_traits@D@_STL@@@_STL@@QAEHXZ 004061d9 f i Kup.obj
 0001:000051ee       ?_M_ignore_unbuffered@_STL@@YAXPAV?$basic_istream@DV?$char_traits@D@_STL@@@1@PAV?$basic_streambuf@DV?$char_traits@D@_STL@@@1@U?$_Is_not_wspace@V?$char_traits@D@_STL@@@1@_N3@Z 004061ee f i Kup.obj
 0001:000052ad       ?sputbackc@?$basic_streambuf@DV?$char_traits@D@_STL@@@_STL@@QAEHD@Z 004062ad f i Kup.obj
 0001:000052da       ??0cLexicon@@QAE@_NPADH@Z  004062da f   Lexicon.obj
 0001:00005350       ??1cLexicon@@QAE@XZ        00406350 f   Lexicon.obj
 0001:00005368       ?readLexicon@cLexicon@@AAEXPADPAVcBTree@@H@Z 00406368 f   Lexicon.obj
 0001:000054be       ?cmp@cLexicon@@SAHPBX0@Z   004064be f   Lexicon.obj
 0001:000054be       ?cmp@cDynamicRule@@SAHPBX0@Z 004064be f   Lexicon.obj
 0001:000054ce       ?pnt@cLexicon@@SAXPAU_iobuf@@PAX@Z 004064ce f   Lexicon.obj
 0001:000054eb       ?check@cLexicon@@QAE_NPAD0_N@Z 004064eb f   Lexicon.obj
 0001:0000555c       ?tree@cParseTree@@QAE_NPAU_Words@@PAUPhrases@@@Z 0040655c f   ParseTree.obj
 0001:00005604       ?parseNode@cParseTree@@AAE_NPAU_aPhrase@@0@Z 00406604 f   ParseTree.obj
 0001:000057c0       ?findNext@cParseTree@@AAEPAU_aPhrase@@PAU2@@Z 004067c0 f   ParseTree.obj
 0001:0000582f       ?getParent@cStaticRule@@QAEPAU_aPhrase@@PADFPAUPhrases@@@Z 0040682f f   StaticRule.obj
 0001:00005c36       ?getWordPOS@cStaticRule@@SA_NPADPAPAD1@Z 00406c36 f   StaticRule.obj
 0001:00005cbc       ?getPhrase@cStaticRule@@CAPAU_aPhrase@@FFPAUPhrases@@@Z 00406cbc f   StaticRule.obj
 0001:00005d57       ?checkSynTag@cStaticRule@@AAEXPAPAU_aPhrase@@@Z 00406d57 f   StaticRule.obj
 0001:00005d92       ?checkWord@cStaticRule@@CAXPAPAD0@Z 00406d92 f   StaticRule.obj
 0001:00005ef7       ?checkQuotation@cStaticRule@@AAEDPAD@Z 00406ef7 f   StaticRule.obj
 0001:00005f94       ?setParent@cStaticRule@@QAEPAU_aPhrase@@PAU2@00@Z 00406f94 f   StaticRule.obj
 0001:0000622b       ?getParent@cStaticRule@@QAEPAU_aPhrase@@PAU2@0PAUPhrases@@@Z 0040722b f   StaticRule.obj
 0001:00006268       ?tree@cWriteTree@@QAEXPAU_iobuf@@PAU_Words@@PAUPhrases@@@Z 00407268 f   WriteTree.obj
 0001:00006304       ?writePhrase@cWriteTree@@AAEXPAU_iobuf@@PAU_Words@@PAU_aPhrase@@F_N@Z 00407304 f   WriteTree.obj
 0001:0000647f       _main                      0040747f f   KupTest.obj
 0001:00006580       ?put@?$basic_ostream@DV?$char_traits@D@_STL@@@_STL@@QAEAAV12@D@Z 00407580 f i KupTest.obj
 0001:00006632       _CreateHanTag              00407632 f   HanTag:HanTag.dll
 0001:00006638       _LoadHanTagEngine          00407638 f   HanTag:HanTag.dll
 0001:0000663e       _EndHanTagEngine           0040763e f   HanTag:HanTag.dll
 0001:00006644       _FreeHanTag                00407644 f   HanTag:HanTag.dll
 0001:0000664a       _DoKomaAndHanTag           0040764a f   HanTag:HanTag.dll
 0001:00006650       _LoadKomaEngine            00407650 f   Koma:Koma.dll
 0001:00006656       _EndKomaEngine             00407656 f   Koma:Koma.dll
 0001:00006660       ?deallocate@?$allocator@G@_STL@@QAEXPAGI@Z 00407660 f i stlport_vc6_static:string_w.obj
 0001:00006690       ?_M_deallocate_block@?$_String_base@GV?$allocator@G@_STL@@@_STL@@QAEXXZ 00407690 f i stlport_vc6_static:string_w.obj
 0001:000066c0       ??0?$_String_base@GV?$allocator@G@_STL@@@_STL@@QAE@ABV?$allocator@G@1@@Z 004076c0 f i stlport_vc6_static:string_w.obj
 0001:000066d0       ??1?$_String_base@GV?$allocator@G@_STL@@@_STL@@QAE@XZ 004076d0 f i stlport_vc6_static:string_w.obj
 0001:00006760       ?get_allocator@?$basic_string@GV?$char_traits@G@_STL@@V?$allocator@G@2@@_STL@@QBE?AV?$allocator@G@2@XZ 00407760 f i stlport_vc6_static:string_w.obj
 0001:00006780       ?_M_acquire_lock@_STLP_mutex_base@_STL@@QAEXXZ 00407780 f i stlport_vc6_static:string_w.obj
 0001:00006870       ?_M_release_lock@_STLP_mutex_base@_STL@@QAEXXZ 00407870 f i stlport_vc6_static:string_w.obj
 0001:00006880       ??1?$basic_string@GV?$char_traits@G@_STL@@V?$allocator@G@2@@_STL@@QAE@XZ 00407880 f i stlport_vc6_static:string_w.obj
 0001:00006910       ??4?$basic_string@GV?$char_traits@G@_STL@@V?$allocator@G@2@@_STL@@QAEAAV01@ABV01@@Z 00407910 f i stlport_vc6_static:string_w.obj
 0001:000069a0       ?push_back@?$basic_string@GV?$char_traits@G@_STL@@V?$allocator@G@2@@_STL@@QAEXG@Z 004079a0 f i stlport_vc6_static:string_w.obj
 0001:00006a10       ?insert@?$basic_string@GV?$char_traits@G@_STL@@V?$allocator@G@2@@_STL@@QAEPAGPAGG@Z 00407a10 f i stlport_vc6_static:string_w.obj
 0001:00006a90       ?__stl_new@_STL@@YAPAXI@Z  00407a90 f i stlport_vc6_static:string_w.obj
 0001:00006aa0       ??1?$allocator@G@_STL@@QAE@XZ 00407aa0 f i stlport_vc6_static:string_w.obj
 0001:00006aa0       ??1?$_STLP_alloc_proxy@PAGGV?$allocator@G@_STL@@@_STL@@QAE@XZ 00407aa0 f i stlport_vc6_static:string_w.obj
 0001:00006aa0       ??1_STLP_mutex@_STL@@QAE@XZ 00407aa0 f i stlport_vc6_static:string_w.obj
 0001:00006ab0       ?_M_do_lock@?$_STLP_mutex_spin@$0A@@_STL@@SAXPCJ@Z 00407ab0 f i stlport_vc6_static:string_w.obj
 0001:00006ba0       ?reserve@?$basic_string@GV?$char_traits@G@_STL@@V?$allocator@G@2@@_STL@@QAEXI@Z 00407ba0 f i stlport_vc6_static:string_w.obj
 0001:00006ce0       ?_M_insert_aux@?$basic_string@GV?$char_traits@G@_STL@@V?$allocator@G@2@@_STL@@AAEPAGPAGG@Z 00407ce0 f i stlport_vc6_static:string_w.obj
 0001:00006eb0       ?_M_allocate@?$__node_alloc@$00$0A@@_STL@@CAPAXI@Z 00407eb0 f i stlport_vc6_static:string_w.obj
 0001:00007060       ?_M_deallocate@?$__node_alloc@$00$0A@@_STL@@CAXPAXI@Z 00408060 f i stlport_vc6_static:string_w.obj
 0001:00007190       ?_M_range_initialize@?$basic_string@GV?$char_traits@G@_STL@@V?$allocator@G@2@@_STL@@AAEXPBG0@Z 00408190 f i stlport_vc6_static:string_w.obj
 0001:00007190       ?_M_range_initialize@?$basic_string@GV?$char_traits@G@_STL@@V?$allocator@G@2@@_STL@@AAEXPAG0@Z 00408190 f i stlport_vc6_static:string_w.obj
 0001:00007220       ??1?$_Node_Alloc_Lock@$00$0A@@_STL@@QAE@XZ 00408220 f i stlport_vc6_static:string_w.obj
 0001:00007230       ?_S_refill@?$__node_alloc@$00$0A@@_STL@@CAPAXI@Z 00408230 f i stlport_vc6_static:string_w.obj
 0001:00007390       ?_M_range_initialize@?$basic_string@GV?$char_traits@G@_STL@@V?$allocator@G@2@@_STL@@AAEXPBG0ABUforward_iterator_tag@2@@Z 00408390 f i stlport_vc6_static:string_w.obj
 0001:00007420       ?_S_chunk_alloc@?$__node_alloc@$00$0A@@_STL@@CAPADIAAH@Z 00408420 f i stlport_vc6_static:string_w.obj
 0001:00007550       ?append@?$basic_string@GV?$char_traits@G@_STL@@V?$allocator@G@2@@_STL@@AAEAAV12@PAG0ABUforward_iterator_tag@2@@Z 00408550 f i stlport_vc6_static:string_w.obj
 0001:00007690       ?__stl_throw_out_of_range@_STL@@YAXPBD@Z 00408690 f   stlport_vc6_static:dll_main.obj
 0001:00007810       ??_Glogic_error@_STL@@UAEPAXI@Z 00408810 f i stlport_vc6_static:dll_main.obj
 0001:00007810       ??_Elogic_error@_STL@@UAEPAXI@Z 00408810 f i stlport_vc6_static:dll_main.obj
 0001:00007830       ??_Gout_of_range@_STL@@UAEPAXI@Z 00408830 f i stlport_vc6_static:dll_main.obj
 0001:00007830       ??_Eout_of_range@_STL@@UAEPAXI@Z 00408830 f i stlport_vc6_static:dll_main.obj
 0001:00007850       ??0out_of_range@_STL@@QAE@ABV01@@Z 00408850 f i stlport_vc6_static:dll_main.obj
 0001:000078a0       ??0logic_error@_STL@@QAE@ABV01@@Z 004088a0 f i stlport_vc6_static:dll_main.obj
 0001:000078f0       ?__stl_throw_length_error@_STL@@YAXPBD@Z 004088f0 f   stlport_vc6_static:dll_main.obj
 0001:00007a70       ??_Elength_error@_STL@@UAEPAXI@Z 00408a70 f i stlport_vc6_static:dll_main.obj
 0001:00007a70       ??_Glength_error@_STL@@UAEPAXI@Z 00408a70 f i stlport_vc6_static:dll_main.obj
 0001:00007a90       ??0length_error@_STL@@QAE@ABV01@@Z 00408a90 f i stlport_vc6_static:dll_main.obj
 0001:00007ae0       ?__get_c_string@_STL@@YAPBDABV?$basic_string@DV?$char_traits@D@_STL@@V?$allocator@D@2@@1@@Z 00408ae0 f   stlport_vc6_static:dll_main.obj
 0001:00007b00       ??0__Named_exception@_STL@@QAE@ABV?$basic_string@DV?$char_traits@D@_STL@@V?$allocator@D@2@@1@@Z 00408b00 f   stlport_vc6_static:dll_main.obj
 0001:00007b80       ?what@__Named_exception@_STL@@UBEPBDXZ 00408b80 f   stlport_vc6_static:dll_main.obj
 0001:00007ba0       ??1__Named_exception@_STL@@UAE@XZ 00408ba0 f   stlport_vc6_static:dll_main.obj
 0001:00007bc0       ??1logic_error@_STL@@UAE@XZ 00408bc0 f   stlport_vc6_static:dll_main.obj
 0001:00007be0       ??1runtime_error@_STL@@UAE@XZ 00408be0 f   stlport_vc6_static:dll_main.obj
 0001:00007c00       ??1length_error@_STL@@UAE@XZ 00408c00 f   stlport_vc6_static:dll_main.obj
 0001:00007c20       ??1out_of_range@_STL@@UAE@XZ 00408c20 f   stlport_vc6_static:dll_main.obj
 0001:00007c40       ??4?$basic_string@DV?$char_traits@D@_STL@@V?$allocator@D@2@@_STL@@QAEAAV01@ABV01@@Z 00408c40 f i stlport_vc6_static:dll_main.obj
 0001:00007d40       ?insert@?$basic_string@DV?$char_traits@D@_STL@@V?$allocator@D@2@@_STL@@QAEPADPADD@Z 00408d40 f i stlport_vc6_static:dll_main.obj
 0001:00007e20       ??0?$_String_base@DV?$allocator@D@_STL@@@_STL@@QAE@ABV?$allocator@D@1@@Z 00408e20 f i stlport_vc6_static:dll_main.obj
 0001:00007e60       ?deallocate@?$allocator@D@_STL@@QAEXPADI@Z 00408e60 f i stlport_vc6_static:dll_main.obj
 0001:00007ea0       ?copy@?$__char_traits_base@DH@_STL@@SAPADPADPBDI@Z 00408ea0 f i stlport_vc6_static:dll_main.obj
 0001:00007ee0       ?_M_insert_aux@?$basic_string@DV?$char_traits@D@_STL@@V?$allocator@D@2@@_STL@@AAEPADPADD@Z 00408ee0 f i stlport_vc6_static:dll_main.obj
 0001:00008340       ?_M_range_initialize@?$basic_string@DV?$char_traits@D@_STL@@V?$allocator@D@2@@_STL@@AAEXPAD0@Z 00409340 f i stlport_vc6_static:dll_main.obj
 0001:00008470       ?_M_range_initialize@?$basic_string@DV?$char_traits@D@_STL@@V?$allocator@D@2@@_STL@@AAEXPBD0@Z 00409470 f i stlport_vc6_static:dll_main.obj
 0001:00008590       ?__copy_aux@_STL@@YAPADPAD00ABU__true_type@1@@Z 00409590 f i stlport_vc6_static:dll_main.obj
 0001:00008620       ??0_Locale_impl@_STL@@QAE@PBD@Z 00409620 f   stlport_vc6_static:locale_impl.obj
 0001:00008700       ??_E_Locale_impl@_STL@@UAEPAXI@Z 00409700 f i stlport_vc6_static:locale_impl.obj
 0001:00008700       ??_G_Locale_impl@_STL@@UAEPAXI@Z 00409700 f i stlport_vc6_static:locale_impl.obj
 0001:00008720       ??1_Locale_impl@_STL@@UAE@XZ 00409720 f   stlport_vc6_static:locale_impl.obj
 0001:000087b0       ?incr@_Locale_impl@_STL@@UAEXXZ 004097b0 f   stlport_vc6_static:locale_impl.obj
 0001:000087b0       ?decr@_Locale_impl@_STL@@UAEXXZ 004097b0 f   stlport_vc6_static:locale_impl.obj
 0001:000087c0       ?_M_throw_bad_cast@_Locale_impl@_STL@@SAXXZ 004097c0 f   stlport_vc6_static:locale_impl.obj
 0001:000087e0       ??0bad_cast@@QAE@XZ        004097e0 f i stlport_vc6_static:locale_impl.obj
 0001:00008800       ??1bad_cast@@UAE@XZ        00409800 f i stlport_vc6_static:locale_impl.obj
 0001:00008810       ??0bad_cast@@QAE@ABV0@@Z   00409810 f i stlport_vc6_static:locale_impl.obj
 0001:00008830       ??_Ebad_cast@@UAEPAXI@Z    00409830 f i stlport_vc6_static:locale_impl.obj
 0001:00008830       ??_Gbad_cast@@UAEPAXI@Z    00409830 f i stlport_vc6_static:locale_impl.obj
 0001:00008890       ?make_classic_locale@_Locale_impl@_STL@@SAPAV12@XZ 00409890 f   stlport_vc6_static:locale_impl.obj
 0001:00008d10       ??_Efacet@locale@_STL@@MAEPAXI@Z 00409d10 f i stlport_vc6_static:locale_impl.obj
 0001:00008d10       ??_Gfacet@locale@_STL@@MAEPAXI@Z 00409d10 f i stlport_vc6_static:locale_impl.obj
 0001:00008d30       ??_G?$ctype@G@_STL@@MAEPAXI@Z 00409d30 f i stlport_vc6_static:locale_impl.obj
 0001:00008d30       ??_E?$ctype@G@_STL@@MAEPAXI@Z 00409d30 f i stlport_vc6_static:locale_impl.obj
 0001:00008d50       ??_G?$codecvt@DDH@_STL@@MAEPAXI@Z 00409d50 f i stlport_vc6_static:locale_impl.obj
 0001:00008d50       ??_E?$codecvt@DDH@_STL@@MAEPAXI@Z 00409d50 f i stlport_vc6_static:locale_impl.obj
 0001:00008d70       ??_G?$codecvt@GDH@_STL@@MAEPAXI@Z 00409d70 f i stlport_vc6_static:locale_impl.obj
 0001:00008d70       ??_E?$codecvt@GDH@_STL@@MAEPAXI@Z 00409d70 f i stlport_vc6_static:locale_impl.obj
 0001:00008d90       ??_E?$collate@D@_STL@@MAEPAXI@Z 00409d90 f i stlport_vc6_static:locale_impl.obj
 0001:00008d90       ??_G?$collate@D@_STL@@MAEPAXI@Z 00409d90 f i stlport_vc6_static:locale_impl.obj
 0001:00008db0       ??_E?$collate@G@_STL@@MAEPAXI@Z 00409db0 f i stlport_vc6_static:locale_impl.obj
 0001:00008db0       ??_G?$collate@G@_STL@@MAEPAXI@Z 00409db0 f i stlport_vc6_static:locale_impl.obj
 0001:00008dd0       ??_G?$numpunct@D@_STL@@UAEPAXI@Z 00409dd0 f i stlport_vc6_static:locale_impl.obj
 0001:00008dd0       ??_E?$numpunct@D@_STL@@UAEPAXI@Z 00409dd0 f i stlport_vc6_static:locale_impl.obj
 0001:00008df0       ??_E?$numpunct@G@_STL@@MAEPAXI@Z 00409df0 f i stlport_vc6_static:locale_impl.obj
 0001:00008df0       ??_G?$numpunct@G@_STL@@MAEPAXI@Z 00409df0 f i stlport_vc6_static:locale_impl.obj
 0001:00008e10       ??1facet@locale@_STL@@MAE@XZ 00409e10 f   stlport_vc6_static:locale_impl.obj
 0001:00008e20       ??0_Loc_init@ios_base@_STL@@QAE@XZ 00409e20 f   stlport_vc6_static:locale_impl.obj
 0001:00008e30       ??1_Loc_init@ios_base@_STL@@QAE@XZ 00409e30 f   stlport_vc6_static:locale_impl.obj
 0001:00008e40       ?_S_initialize@locale@_STL@@SAXXZ 00409e40 f   stlport_vc6_static:locale_impl.obj
 0001:00008fb0       ?_S_uninitialize@locale@_STL@@SAXXZ 00409fb0 f   stlport_vc6_static:locale_impl.obj
 0001:00008fd0       ??0locale@_STL@@QAE@XZ     00409fd0 f   stlport_vc6_static:locale_impl.obj
 0001:00008ff0       ??0locale@_STL@@QAE@PAV_Locale_impl@1@@Z 00409ff0 f   stlport_vc6_static:locale_impl.obj
 0001:00009000       ??0locale@_STL@@QAE@ABV01@@Z 0040a000 f   stlport_vc6_static:locale_impl.obj
 0001:00009020       ??1locale@_STL@@QAE@XZ     0040a020 f   stlport_vc6_static:locale_impl.obj
 0001:00009040       ??4locale@_STL@@QAEABV01@ABV01@@Z 0040a040 f   stlport_vc6_static:locale_impl.obj
 0001:00009070       ?_M_get_facet@locale@_STL@@QBEPAVfacet@12@ABVid@12@@Z 0040a070 f   stlport_vc6_static:locale_impl.obj
 0001:00009090       ?_M_use_facet@locale@_STL@@QBEPAVfacet@12@ABVid@12@@Z 0040a090 f   stlport_vc6_static:locale_impl.obj
 0001:000091e0       ?classic@locale@_STL@@SAABV12@XZ 0040a1e0 f   stlport_vc6_static:locale_impl.obj
 0001:000091f0       ?do_put@?$money_put@DV?$ostreambuf_iterator@DV?$char_traits@D@_STL@@@_STL@@@_STL@@MBE?AV?$ostreambuf_iterator@DV?$char_traits@D@_STL@@@2@V32@_NAAVios_base@2@DO@Z 0040a1f0 f i stlport_vc6_static:locale_impl.obj
 0001:000092f0       ?getloc@ios_base@_STL@@QBE?AVlocale@2@XZ 0040a2f0 f i stlport_vc6_static:locale_impl.obj
 0001:00009310       ?do_put@?$money_put@GV?$ostreambuf_iterator@GV?$char_traits@G@_STL@@@_STL@@@_STL@@MBE?AV?$ostreambuf_iterator@GV?$char_traits@G@_STL@@@2@V32@_NAAVios_base@2@GO@Z 0040a310 f i stlport_vc6_static:locale_impl.obj
 0001:00009430       ??_G?$money_get@DV?$istreambuf_iterator@DV?$char_traits@D@_STL@@@_STL@@@_STL@@MAEPAXI@Z 0040a430 f i stlport_vc6_static:locale_impl.obj
 0001:00009430       ??_E?$money_get@DV?$istreambuf_iterator@DV?$char_traits@D@_STL@@@_STL@@@_STL@@MAEPAXI@Z 0040a430 f i stlport_vc6_static:locale_impl.obj
 0001:00009450       ??1?$money_get@DV?$istreambuf_iterator@DV?$char_traits@D@_STL@@@_STL@@@_STL@@MAE@XZ 0040a450 f i stlport_vc6_static:locale_impl.obj
 0001:00009460       ??_E?$money_put@DV?$ostreambuf_iterator@DV?$char_traits@D@_STL@@@_STL@@@_STL@@MAEPAXI@Z 0040a460 f i stlport_vc6_static:locale_impl.obj
 0001:00009460       ??_G?$money_put@DV?$ostreambuf_iterator@DV?$char_traits@D@_STL@@@_STL@@@_STL@@MAEPAXI@Z 0040a460 f i stlport_vc6_static:locale_impl.obj
 0001:00009480       ??1?$money_put@DV?$ostreambuf_iterator@DV?$char_traits@D@_STL@@@_STL@@@_STL@@MAE@XZ 0040a480 f i stlport_vc6_static:locale_impl.obj
 0001:00009490       ??_G?$num_get@DV?$istreambuf_iterator@DV?$char_traits@D@_STL@@@_STL@@@_STL@@MAEPAXI@Z 0040a490 f i stlport_vc6_static:locale_impl.obj
 0001:00009490       ??_E?$num_get@DV?$istreambuf_iterator@DV?$char_traits@D@_STL@@@_STL@@@_STL@@MAEPAXI@Z 0040a490 f i stlport_vc6_static:locale_impl.obj
 0001:000094b0       ??1?$num_get@DV?$istreambuf_iterator@DV?$char_traits@D@_STL@@@_STL@@@_STL@@MAE@XZ 0040a4b0 f i stlport_vc6_static:locale_impl.obj
 0001:000094c0       ??_E?$num_put@DV?$ostreambuf_iterator@DV?$char_traits@D@_STL@@@_STL@@@_STL@@MAEPAXI@Z 0040a4c0 f i stlport_vc6_static:locale_impl.obj
 0001:000094c0       ??_G?$num_put@DV?$ostreambuf_iterator@DV?$char_traits@D@_STL@@@_STL@@@_STL@@MAEPAXI@Z 0040a4c0 f i stlport_vc6_static:locale_impl.obj
 0001:000094e0       ??1?$num_put@DV?$ostreambuf_iterator@DV?$char_traits@D@_STL@@@_STL@@@_STL@@MAE@XZ 0040a4e0 f i stlport_vc6_static:locale_impl.obj
 0001:000094f0       ??_E?$time_get@DV?$istreambuf_iterator@DV?$char_traits@D@_STL@@@_STL@@@_STL@@MAEPAXI@Z 0040a4f0 f i stlport_vc6_static:locale_impl.obj
 0001:000094f0       ??_G?$time_get@DV?$istreambuf_iterator@DV?$char_traits@D@_STL@@@_STL@@@_STL@@MAEPAXI@Z 0040a4f0 f i stlport_vc6_static:locale_impl.obj
 0001:00009510       ??1?$time_get@DV?$istreambuf_iterator@DV?$char_traits@D@_STL@@@_STL@@@_STL@@MAE@XZ 0040a510 f i stlport_vc6_static:locale_impl.obj
 0001:00009650       ??0_Time_Info@_STL@@QAE@XZ 0040a650 f i stlport_vc6_static:locale_impl.obj
 0001:00009820       ??1_Time_Info@_STL@@QAE@XZ 0040a820 f i stlport_vc6_static:locale_impl.obj
 0001:00009940       ??_E?$time_put@DV?$ostreambuf_iterator@DV?$char_traits@D@_STL@@@_STL@@@_STL@@MAEPAXI@Z 0040a940 f i stlport_vc6_static:locale_impl.obj
 0001:00009940       ??_G?$time_put@DV?$ostreambuf_iterator@DV?$char_traits@D@_STL@@@_STL@@@_STL@@MAEPAXI@Z 0040a940 f i stlport_vc6_static:locale_impl.obj
 0001:00009960       ??1?$time_put@DV?$ostreambuf_iterator@DV?$char_traits@D@_STL@@@_STL@@@_STL@@MAE@XZ 0040a960 f i stlport_vc6_static:locale_impl.obj
 0001:00009aa0       ??_E?$money_get@GV?$istreambuf_iterator@GV?$char_traits@G@_STL@@@_STL@@@_STL@@MAEPAXI@Z 0040aaa0 f i stlport_vc6_static:locale_impl.obj
 0001:00009aa0       ??_G?$money_get@GV?$istreambuf_iterator@GV?$char_traits@G@_STL@@@_STL@@@_STL@@MAEPAXI@Z 0040aaa0 f i stlport_vc6_static:locale_impl.obj
 0001:00009ac0       ??1?$money_get@GV?$istreambuf_iterator@GV?$char_traits@G@_STL@@@_STL@@@_STL@@MAE@XZ 0040aac0 f i stlport_vc6_static:locale_impl.obj
 0001:00009ad0       ??_G?$money_put@GV?$ostreambuf_iterator@GV?$char_traits@G@_STL@@@_STL@@@_STL@@MAEPAXI@Z 0040aad0 f i stlport_vc6_static:locale_impl.obj
 0001:00009ad0       ??_E?$money_put@GV?$ostreambuf_iterator@GV?$char_traits@G@_STL@@@_STL@@@_STL@@MAEPAXI@Z 0040aad0 f i stlport_vc6_static:locale_impl.obj
 0001:00009af0       ??1?$money_put@GV?$ostreambuf_iterator@GV?$char_traits@G@_STL@@@_STL@@@_STL@@MAE@XZ 0040aaf0 f i stlport_vc6_static:locale_impl.obj
 0001:00009b00       ??_G?$num_get@GV?$istreambuf_iterator@GV?$char_traits@G@_STL@@@_STL@@@_STL@@MAEPAXI@Z 0040ab00 f i stlport_vc6_static:locale_impl.obj
 0001:00009b00       ??_E?$num_get@GV?$istreambuf_iterator@GV?$char_traits@G@_STL@@@_STL@@@_STL@@MAEPAXI@Z 0040ab00 f i stlport_vc6_static:locale_impl.obj
 0001:00009b20       ??1?$num_get@GV?$istreambuf_iterator@GV?$char_traits@G@_STL@@@_STL@@@_STL@@MAE@XZ 0040ab20 f i stlport_vc6_static:locale_impl.obj
 0001:00009b30       ??_E?$num_put@GV?$ostreambuf_iterator@GV?$char_traits@G@_STL@@@_STL@@@_STL@@MAEPAXI@Z 0040ab30 f i stlport_vc6_static:locale_impl.obj
 0001:00009b30       ??_G?$num_put@GV?$ostreambuf_iterator@GV?$char_traits@G@_STL@@@_STL@@@_STL@@MAEPAXI@Z 0040ab30 f i stlport_vc6_static:locale_impl.obj
 0001:00009b50       ??1?$num_put@GV?$ostreambuf_iterator@GV?$char_traits@G@_STL@@@_STL@@@_STL@@MAE@XZ 0040ab50 f i stlport_vc6_static:locale_impl.obj
 0001:00009b60       ??_E?$time_get@GV?$istreambuf_iterator@GV?$char_traits@G@_STL@@@_STL@@@_STL@@MAEPAXI@Z 0040ab60 f i stlport_vc6_static:locale_impl.obj
 0001:00009b60       ??_G?$time_get@GV?$istreambuf_iterator@GV?$char_traits@G@_STL@@@_STL@@@_STL@@MAEPAXI@Z 0040ab60 f i stlport_vc6_static:locale_impl.obj
 0001:00009b80       ??1?$time_get@GV?$istreambuf_iterator@GV?$char_traits@G@_STL@@@_STL@@@_STL@@MAE@XZ 0040ab80 f i stlport_vc6_static:locale_impl.obj
 0001:00009cc0       ??_G?$time_put@GV?$ostreambuf_iterator@GV?$char_traits@G@_STL@@@_STL@@@_STL@@MAEPAXI@Z 0040acc0 f i stlport_vc6_static:locale_impl.obj
 0001:00009cc0       ??_E?$time_put@GV?$ostreambuf_iterator@GV?$char_traits@G@_STL@@@_STL@@@_STL@@MAEPAXI@Z 0040acc0 f i stlport_vc6_static:locale_impl.obj
 0001:00009ce0       ??1?$time_put@GV?$ostreambuf_iterator@GV?$char_traits@G@_STL@@@_STL@@@_STL@@MAE@XZ 0040ace0 f i stlport_vc6_static:locale_impl.obj
 0001:00009e20       ?do_get@?$money_get@DV?$istreambuf_iterator@DV?$char_traits@D@_STL@@@_STL@@@_STL@@MBE?AV?$istreambuf_iterator@DV?$char_traits@D@_STL@@@2@V32@0_NAAVios_base@2@AAHAAV?$basic_string@DV?$char_traits@D@_STL@@V?$allocator@D@2@@2@@Z 0040ae20 f i stlport_vc6_static:locale_impl.obj
 0001:0000ac80       ?grouping@?$moneypunct@D$00@_STL@@QBE?AV?$basic_string@DV?$char_traits@D@_STL@@V?$allocator@D@2@@2@XZ 0040bc80 f i stlport_vc6_static:locale_impl.obj
 0001:0000ac80       ?grouping@?$moneypunct@D$0A@@_STL@@QBE?AV?$basic_string@DV?$char_traits@D@_STL@@V?$allocator@D@2@@2@XZ 0040bc80 f i stlport_vc6_static:locale_impl.obj
 0001:0000ac80       ?grouping@?$moneypunct@G$00@_STL@@QBE?AV?$basic_string@DV?$char_traits@D@_STL@@V?$allocator@D@2@@2@XZ 0040bc80 f i stlport_vc6_static:locale_impl.obj
 0001:0000ac80       ?grouping@?$moneypunct@G$0A@@_STL@@QBE?AV?$basic_string@DV?$char_traits@D@_STL@@V?$allocator@D@2@@2@XZ 0040bc80 f i stlport_vc6_static:locale_impl.obj
 0001:0000ac80       ?grouping@?$numpunct@G@_STL@@QBE?AV?$basic_string@DV?$char_traits@D@_STL@@V?$allocator@D@2@@2@XZ 0040bc80 f i stlport_vc6_static:locale_impl.obj
 0001:0000aca0       ?negative_sign@?$moneypunct@G$0A@@_STL@@QBE?AV?$basic_string@GV?$char_traits@G@_STL@@V?$allocator@G@2@@2@XZ 0040bca0 f i stlport_vc6_static:locale_impl.obj
 0001:0000aca0       ?negative_sign@?$moneypunct@G$00@_STL@@QBE?AV?$basic_string@GV?$char_traits@G@_STL@@V?$allocator@G@2@@2@XZ 0040bca0 f i stlport_vc6_static:locale_impl.obj
 0001:0000aca0       ?negative_sign@?$moneypunct@D$0A@@_STL@@QBE?AV?$basic_string@DV?$char_traits@D@_STL@@V?$allocator@D@2@@2@XZ 0040bca0 f i stlport_vc6_static:locale_impl.obj
 0001:0000aca0       ?negative_sign@?$moneypunct@D$00@_STL@@QBE?AV?$basic_string@DV?$char_traits@D@_STL@@V?$allocator@D@2@@2@XZ 0040bca0 f i stlport_vc6_static:locale_impl.obj
 0001:0000acc0       ?do_get@?$money_get@DV?$istreambuf_iterator@DV?$char_traits@D@_STL@@@_STL@@@_STL@@MBE?AV?$istreambuf_iterator@DV?$char_traits@D@_STL@@@2@V32@0_NAAVios_base@2@AAHAAO@Z 0040bcc0 f i stlport_vc6_static:locale_impl.obj
 0001:0000aec0       ?do_put@?$money_put@DV?$ostreambuf_iterator@DV?$char_traits@D@_STL@@@_STL@@@_STL@@MBE?AV?$ostreambuf_iterator@DV?$char_traits@D@_STL@@@2@V32@_NAAVios_base@2@DABV?$basic_string@DV?$char_traits@D@_STL@@V?$allocator@D@2@@2@@Z 0040bec0 f i stlport_vc6_static:locale_impl.obj
 0001:0000ba50       ?do_get@?$num_get@DV?$istreambuf_iterator@DV?$char_traits@D@_STL@@@_STL@@@_STL@@MBE?AV?$istreambuf_iterator@DV?$char_traits@D@_STL@@@2@V32@0AAVios_base@2@AAHAA_K@Z 0040ca50 f i stlport_vc6_static:locale_impl.obj
 0001:0000bdd0       ?do_get@?$num_get@DV?$istreambuf_iterator@DV?$char_traits@D@_STL@@@_STL@@@_STL@@MBE?AV?$istreambuf_iterator@DV?$char_traits@D@_STL@@@2@V32@0AAVios_base@2@AAHAA_J@Z 0040cdd0 f i stlport_vc6_static:locale_impl.obj
 0001:0000c160       ?do_get@?$num_get@DV?$istreambuf_iterator@DV?$char_traits@D@_STL@@@_STL@@@_STL@@MBE?AV?$istreambuf_iterator@DV?$char_traits@D@_STL@@@2@V32@0AAVios_base@2@AAHAAO@Z 0040d160 f i stlport_vc6_static:locale_impl.obj
 0001:0000c470       ?do_get@?$num_get@DV?$istreambuf_iterator@DV?$char_traits@D@_STL@@@_STL@@@_STL@@MBE?AV?$istreambuf_iterator@DV?$char_traits@D@_STL@@@2@V32@0AAVios_base@2@AAHAAPAX@Z 0040d470 f i stlport_vc6_static:locale_impl.obj
 0001:0000c7f0       ?do_get@?$num_get@DV?$istreambuf_iterator@DV?$char_traits@D@_STL@@@_STL@@@_STL@@MBE?AV?$istreambuf_iterator@DV?$char_traits@D@_STL@@@2@V32@0AAVios_base@2@AAHAAN@Z 0040d7f0 f i stlport_vc6_static:locale_impl.obj
 0001:0000cb00       ?do_get@?$num_get@DV?$istreambuf_iterator@DV?$char_traits@D@_STL@@@_STL@@@_STL@@MBE?AV?$istreambuf_iterator@DV?$char_traits@D@_STL@@@2@V32@0AAVios_base@2@AAHAAM@Z 0040db00 f i stlport_vc6_static:locale_impl.obj
 0001:0000ce10       ?do_get@?$num_get@DV?$istreambuf_iterator@DV?$char_traits@D@_STL@@@_STL@@@_STL@@MBE?AV?$istreambuf_iterator@DV?$char_traits@D@_STL@@@2@V32@0AAVios_base@2@AAHAAK@Z 0040de10 f i stlport_vc6_static:locale_impl.obj
 0001:0000ce10       ?do_get@?$num_get@DV?$istreambuf_iterator@DV?$char_traits@D@_STL@@@_STL@@@_STL@@MBE?AV?$istreambuf_iterator@DV?$char_traits@D@_STL@@@2@V32@0AAVios_base@2@AAHAAI@Z 0040de10 f i stlport_vc6_static:locale_impl.obj
 0001:0000d0c0       ?do_get@?$num_get@DV?$istreambuf_iterator@DV?$char_traits@D@_STL@@@_STL@@@_STL@@MBE?AV?$istreambuf_iterator@DV?$char_traits@D@_STL@@@2@V32@0AAVios_base@2@AAHAAG@Z 0040e0c0 f i stlport_vc6_static:locale_impl.obj
 0001:0000d370       ?do_get@?$num_get@DV?$istreambuf_iterator@DV?$char_traits@D@_STL@@@_STL@@@_STL@@MBE?AV?$istreambuf_iterator@DV?$char_traits@D@_STL@@@2@V32@0AAVios_base@2@AAHAAJ@Z 0040e370 f i stlport_vc6_static:locale_impl.obj
 0001:0000d630       ?do_get@?$num_get@DV?$istreambuf_iterator@DV?$char_traits@D@_STL@@@_STL@@@_STL@@MBE?AV?$istreambuf_iterator@DV?$char_traits@D@_STL@@@2@V32@0AAVios_base@2@AAHAA_N@Z 0040e630 f i stlport_vc6_static:locale_impl.obj
 0001:0000d920       ?curr_symbol@?$moneypunct@G$00@_STL@@QBE?AV?$basic_string@GV?$char_traits@G@_STL@@V?$allocator@G@2@@2@XZ 0040e920 f i stlport_vc6_static:locale_impl.obj
 0001:0000d920       ?truename@?$numpunct@D@_STL@@QBE?AV?$basic_string@DV?$char_traits@D@_STL@@V?$allocator@D@2@@2@XZ 0040e920 f i stlport_vc6_static:locale_impl.obj
 0001:0000d920       ?truename@?$numpunct@G@_STL@@QBE?AV?$basic_string@GV?$char_traits@G@_STL@@V?$allocator@G@2@@2@XZ 0040e920 f i stlport_vc6_static:locale_impl.obj
 0001:0000d920       ?curr_symbol@?$moneypunct@D$0A@@_STL@@QBE?AV?$basic_string@DV?$char_traits@D@_STL@@V?$allocator@D@2@@2@XZ 0040e920 f i stlport_vc6_static:locale_impl.obj
 0001:0000d920       ?curr_symbol@?$moneypunct@G$0A@@_STL@@QBE?AV?$basic_string@GV?$char_traits@G@_STL@@V?$allocator@G@2@@2@XZ 0040e920 f i stlport_vc6_static:locale_impl.obj
 0001:0000d920       ?curr_symbol@?$moneypunct@D$00@_STL@@QBE?AV?$basic_string@DV?$char_traits@D@_STL@@V?$allocator@D@2@@2@XZ 0040e920 f i stlport_vc6_static:locale_impl.obj
 0001:0000d940       ?falsename@?$numpunct@G@_STL@@QBE?AV?$basic_string@GV?$char_traits@G@_STL@@V?$allocator@G@2@@2@XZ 0040e940 f i stlport_vc6_static:locale_impl.obj
 0001:0000d940       ?positive_sign@?$moneypunct@G$0A@@_STL@@QBE?AV?$basic_string@GV?$char_traits@G@_STL@@V?$allocator@G@2@@2@XZ 0040e940 f i stlport_vc6_static:locale_impl.obj
 0001:0000d940       ?positive_sign@?$moneypunct@G$00@_STL@@QBE?AV?$basic_string@GV?$char_traits@G@_STL@@V?$allocator@G@2@@2@XZ 0040e940 f i stlport_vc6_static:locale_impl.obj
 0001:0000d940       ?falsename@?$numpunct@D@_STL@@QBE?AV?$basic_string@DV?$char_traits@D@_STL@@V?$allocator@D@2@@2@XZ 0040e940 f i stlport_vc6_static:locale_impl.obj
 0001:0000d940       ?positive_sign@?$moneypunct@D$00@_STL@@QBE?AV?$basic_string@DV?$char_traits@D@_STL@@V?$allocator@D@2@@2@XZ 0040e940 f i stlport_vc6_static:locale_impl.obj
 0001:0000d940       ?positive_sign@?$moneypunct@D$0A@@_STL@@QBE?AV?$basic_string@DV?$char_traits@D@_STL@@V?$allocator@D@2@@2@XZ 0040e940 f i stlport_vc6_static:locale_impl.obj
 0001:0000d960       ?do_put@?$num_put@DV?$ostreambuf_iterator@DV?$char_traits@D@_STL@@@_STL@@@_STL@@MBE?AV?$ostreambuf_iterator@DV?$char_traits@D@_STL@@@2@V32@AAVios_base@2@DPBX@Z 0040e960 f i stlport_vc6_static:locale_impl.obj
 0001:0000d9e0       ?do_put@?$num_put@DV?$ostreambuf_iterator@DV?$char_traits@D@_STL@@@_STL@@@_STL@@MBE?AV?$ostreambuf_iterator@DV?$char_traits@D@_STL@@@2@V32@AAVios_base@2@D_K@Z 0040e9e0 f i stlport_vc6_static:locale_impl.obj
 0001:0000dbd0       ?do_put@?$num_put@DV?$ostreambuf_iterator@DV?$char_traits@D@_STL@@@_STL@@@_STL@@MBE?AV?$ostreambuf_iterator@DV?$char_traits@D@_STL@@@2@V32@AAVios_base@2@D_J@Z 0040ebd0 f i stlport_vc6_static:locale_impl.obj
 0001:0000ddf0       ?do_put@?$num_put@DV?$ostreambuf_iterator@DV?$char_traits@D@_STL@@@_STL@@@_STL@@MBE?AV?$ostreambuf_iterator@DV?$char_traits@D@_STL@@@2@V32@AAVios_base@2@DO@Z 0040edf0 f i stlport_vc6_static:locale_impl.obj
 0001:0000de30       ?do_put@?$num_put@DV?$ostreambuf_iterator@DV?$char_traits@D@_STL@@@_STL@@@_STL@@MBE?AV?$ostreambuf_iterator@DV?$char_traits@D@_STL@@@2@V32@AAVios_base@2@DN@Z 0040ee30 f i stlport_vc6_static:locale_impl.obj
 0001:0000de70       ?do_put@?$num_put@DV?$ostreambuf_iterator@DV?$char_traits@D@_STL@@@_STL@@@_STL@@MBE?AV?$ostreambuf_iterator@DV?$char_traits@D@_STL@@@2@V32@AAVios_base@2@DK@Z 0040ee70 f i stlport_vc6_static:locale_impl.obj
 0001:0000e060       ?do_put@?$num_put@DV?$ostreambuf_iterator@DV?$char_traits@D@_STL@@@_STL@@@_STL@@MBE?AV?$ostreambuf_iterator@DV?$char_traits@D@_STL@@@2@V32@AAVios_base@2@DJ@Z 0040f060 f i stlport_vc6_static:locale_impl.obj
 0001:0000e280       ?do_put@?$num_put@DV?$ostreambuf_iterator@DV?$char_traits@D@_STL@@@_STL@@@_STL@@MBE?AV?$ostreambuf_iterator@DV?$char_traits@D@_STL@@@2@V32@AAVios_base@2@D_N@Z 0040f280 f i stlport_vc6_static:locale_impl.obj
 0001:0000e570       ?do_get_time@?$time_get@DV?$istreambuf_iterator@DV?$char_traits@D@_STL@@@_STL@@@_STL@@MBE?AV?$istreambuf_iterator@DV?$char_traits@D@_STL@@@2@V32@0AAVios_base@2@AAHPAUtm@@@Z 0040f570 f i stlport_vc6_static:locale_impl.obj
 0001:0000e960       ?do_get_date@?$time_get@DV?$istreambuf_iterator@DV?$char_traits@D@_STL@@@_STL@@@_STL@@MBE?AV?$istreambuf_iterator@DV?$char_traits@D@_STL@@@2@V32@0AAVios_base@2@AAHPAUtm@@@Z 0040f960 f i stlport_vc6_static:locale_impl.obj
 0001:0000ed50       ?do_get_weekday@?$time_get@DV?$istreambuf_iterator@DV?$char_traits@D@_STL@@@_STL@@@_STL@@MBE?AV?$istreambuf_iterator@DV?$char_traits@D@_STL@@@2@V32@0AAVios_base@2@AAHPAUtm@@@Z 0040fd50 f i stlport_vc6_static:locale_impl.obj
 0001:0000f000       ?do_get_monthname@?$time_get@DV?$istreambuf_iterator@DV?$char_traits@D@_STL@@@_STL@@@_STL@@MBE?AV?$istreambuf_iterator@DV?$char_traits@D@_STL@@@2@V32@0AAVios_base@2@AAHPAUtm@@@Z 00410000 f i stlport_vc6_static:locale_impl.obj
 0001:0000f2d0       ?do_get_year@?$time_get@DV?$istreambuf_iterator@DV?$char_traits@D@_STL@@@_STL@@@_STL@@MBE?AV?$istreambuf_iterator@DV?$char_traits@D@_STL@@@2@V32@0AAVios_base@2@AAHPAUtm@@@Z 004102d0 f i stlport_vc6_static:locale_impl.obj
 0001:0000f440       ?do_put@?$time_put@DV?$ostreambuf_iterator@DV?$char_traits@D@_STL@@@_STL@@@_STL@@MBE?AV?$ostreambuf_iterator@DV?$char_traits@D@_STL@@@2@V32@AAVios_base@2@DPBUtm@@DD@Z 00410440 f i stlport_vc6_static:locale_impl.obj
 0001:0000f500       ?do_get@?$money_get@GV?$istreambuf_iterator@GV?$char_traits@G@_STL@@@_STL@@@_STL@@MBE?AV?$istreambuf_iterator@GV?$char_traits@G@_STL@@@2@V32@0_NAAVios_base@2@AAHAAV?$basic_string@GV?$char_traits@G@_STL@@V?$allocator@G@2@@2@@Z 00410500 f i stlport_vc6_static:locale_impl.obj
 0001:00010360       ?do_get@?$money_get@GV?$istreambuf_iterator@GV?$char_traits@G@_STL@@@_STL@@@_STL@@MBE?AV?$istreambuf_iterator@GV?$char_traits@G@_STL@@@2@V32@0_NAAVios_base@2@AAHAAO@Z 00411360 f i stlport_vc6_static:locale_impl.obj
 0001:00010570       ?do_put@?$money_put@GV?$ostreambuf_iterator@GV?$char_traits@G@_STL@@@_STL@@@_STL@@MBE?AV?$ostreambuf_iterator@GV?$char_traits@G@_STL@@@2@V32@_NAAVios_base@2@GABV?$basic_string@GV?$char_traits@G@_STL@@V?$allocator@G@2@@2@@Z 00411570 f i stlport_vc6_static:locale_impl.obj
 0001:00011140       ?do_get@?$num_get@GV?$istreambuf_iterator@GV?$char_traits@G@_STL@@@_STL@@@_STL@@MBE?AV?$istreambuf_iterator@GV?$char_traits@G@_STL@@@2@V32@0AAVios_base@2@AAHAA_K@Z 00412140 f i stlport_vc6_static:locale_impl.obj
 0001:000114d0       ?do_get@?$num_get@GV?$istreambuf_iterator@GV?$char_traits@G@_STL@@@_STL@@@_STL@@MBE?AV?$istreambuf_iterator@GV?$char_traits@G@_STL@@@2@V32@0AAVios_base@2@AAHAA_J@Z 004124d0 f i stlport_vc6_static:locale_impl.obj
 0001:00011870       ?do_get@?$num_get@GV?$istreambuf_iterator@GV?$char_traits@G@_STL@@@_STL@@@_STL@@MBE?AV?$istreambuf_iterator@GV?$char_traits@G@_STL@@@2@V32@0AAVios_base@2@AAHAAO@Z 00412870 f i stlport_vc6_static:locale_impl.obj
 0001:00011bd0       ?do_get@?$num_get@GV?$istreambuf_iterator@GV?$char_traits@G@_STL@@@_STL@@@_STL@@MBE?AV?$istreambuf_iterator@GV?$char_traits@G@_STL@@@2@V32@0AAVios_base@2@AAHAAPAX@Z 00412bd0 f i stlport_vc6_static:locale_impl.obj
 0001:00011f60       ?do_get@?$num_get@GV?$istreambuf_iterator@GV?$char_traits@G@_STL@@@_STL@@@_STL@@MBE?AV?$istreambuf_iterator@GV?$char_traits@G@_STL@@@2@V32@0AAVios_base@2@AAHAAN@Z 00412f60 f i stlport_vc6_static:locale_impl.obj
 0001:000122c0       ?do_get@?$num_get@GV?$istreambuf_iterator@GV?$char_traits@G@_STL@@@_STL@@@_STL@@MBE?AV?$istreambuf_iterator@GV?$char_traits@G@_STL@@@2@V32@0AAVios_base@2@AAHAAM@Z 004132c0 f i stlport_vc6_static:locale_impl.obj
 0001:00012620       ?do_get@?$num_get@GV?$istreambuf_iterator@GV?$char_traits@G@_STL@@@_STL@@@_STL@@MBE?AV?$istreambuf_iterator@GV?$char_traits@G@_STL@@@2@V32@0AAVios_base@2@AAHAAI@Z 00413620 f i stlport_vc6_static:locale_impl.obj
 0001:00012620       ?do_get@?$num_get@GV?$istreambuf_iterator@GV?$char_traits@G@_STL@@@_STL@@@_STL@@MBE?AV?$istreambuf_iterator@GV?$char_traits@G@_STL@@@2@V32@0AAVios_base@2@AAHAAK@Z 00413620 f i stlport_vc6_static:locale_impl.obj
 0001:000128f0       ?do_get@?$num_get@GV?$istreambuf_iterator@GV?$char_traits@G@_STL@@@_STL@@@_STL@@MBE?AV?$istreambuf_iterator@GV?$char_traits@G@_STL@@@2@V32@0AAVios_base@2@AAHAAG@Z 004138f0 f i stlport_vc6_static:locale_impl.obj
 0001:00012bd0       ?do_get@?$num_get@GV?$istreambuf_iterator@GV?$char_traits@G@_STL@@@_STL@@@_STL@@MBE?AV?$istreambuf_iterator@GV?$char_traits@G@_STL@@@2@V32@0AAVios_base@2@AAHAAJ@Z 00413bd0 f i stlport_vc6_static:locale_impl.obj
 0001:00012eb0       ?do_get@?$num_get@GV?$istreambuf_iterator@GV?$char_traits@G@_STL@@@_STL@@@_STL@@MBE?AV?$istreambuf_iterator@GV?$char_traits@G@_STL@@@2@V32@0AAVios_base@2@AAHAA_N@Z 00413eb0 f i stlport_vc6_static:locale_impl.obj
 0001:000131a0       ?do_put@?$num_put@GV?$ostreambuf_iterator@GV?$char_traits@G@_STL@@@_STL@@@_STL@@MBE?AV?$ostreambuf_iterator@GV?$char_traits@G@_STL@@@2@V32@AAVios_base@2@GPBX@Z 004141a0 f i stlport_vc6_static:locale_impl.obj
 0001:00013210       ?do_put@?$num_put@GV?$ostreambuf_iterator@GV?$char_traits@G@_STL@@@_STL@@@_STL@@MBE?AV?$ostreambuf_iterator@GV?$char_traits@G@_STL@@@2@V32@AAVios_base@2@G_K@Z 00414210 f i stlport_vc6_static:locale_impl.obj
 0001:00013330       ?do_put@?$num_put@GV?$ostreambuf_iterator@GV?$char_traits@G@_STL@@@_STL@@@_STL@@MBE?AV?$ostreambuf_iterator@GV?$char_traits@G@_STL@@@2@V32@AAVios_base@2@G_J@Z 00414330 f i stlport_vc6_static:locale_impl.obj
 0001:00013490       ?do_put@?$num_put@GV?$ostreambuf_iterator@GV?$char_traits@G@_STL@@@_STL@@@_STL@@MBE?AV?$ostreambuf_iterator@GV?$char_traits@G@_STL@@@2@V32@AAVios_base@2@GO@Z 00414490 f i stlport_vc6_static:locale_impl.obj
 0001:000134d0       ?do_put@?$num_put@GV?$ostreambuf_iterator@GV?$char_traits@G@_STL@@@_STL@@@_STL@@MBE?AV?$ostreambuf_iterator@GV?$char_traits@G@_STL@@@2@V32@AAVios_base@2@GN@Z 004144d0 f i stlport_vc6_static:locale_impl.obj
 0001:00013510       ?do_put@?$num_put@GV?$ostreambuf_iterator@GV?$char_traits@G@_STL@@@_STL@@@_STL@@MBE?AV?$ostreambuf_iterator@GV?$char_traits@G@_STL@@@2@V32@AAVios_base@2@GK@Z 00414510 f i stlport_vc6_static:locale_impl.obj
 0001:00013630       ?do_put@?$num_put@GV?$ostreambuf_iterator@GV?$char_traits@G@_STL@@@_STL@@@_STL@@MBE?AV?$ostreambuf_iterator@GV?$char_traits@G@_STL@@@2@V32@AAVios_base@2@GJ@Z 00414630 f i stlport_vc6_static:locale_impl.obj
 0001:000137a0       ?do_put@?$num_put@GV?$ostreambuf_iterator@GV?$char_traits@G@_STL@@@_STL@@@_STL@@MBE?AV?$ostreambuf_iterator@GV?$char_traits@G@_STL@@@2@V32@AAVios_base@2@G_N@Z 004147a0 f i stlport_vc6_static:locale_impl.obj
 0001:00013aa0       ?do_get_time@?$time_get@GV?$istreambuf_iterator@GV?$char_traits@G@_STL@@@_STL@@@_STL@@MBE?AV?$istreambuf_iterator@GV?$char_traits@G@_STL@@@2@V32@0AAVios_base@2@AAHPAUtm@@@Z 00414aa0 f i stlport_vc6_static:locale_impl.obj
 0001:00013e90       ?do_get_date@?$time_get@GV?$istreambuf_iterator@GV?$char_traits@G@_STL@@@_STL@@@_STL@@MBE?AV?$istreambuf_iterator@GV?$char_traits@G@_STL@@@2@V32@0AAVios_base@2@AAHPAUtm@@@Z 00414e90 f i stlport_vc6_static:locale_impl.obj
 0001:00014290       ?do_get_weekday@?$time_get@GV?$istreambuf_iterator@GV?$char_traits@G@_STL@@@_STL@@@_STL@@MBE?AV?$istreambuf_iterator@GV?$char_traits@G@_STL@@@2@V32@0AAVios_base@2@AAHPAUtm@@@Z 00415290 f i stlport_vc6_static:locale_impl.obj
 0001:00014540       ?do_get_monthname@?$time_get@GV?$istreambuf_iterator@GV?$char_traits@G@_STL@@@_STL@@@_STL@@MBE?AV?$istreambuf_iterator@GV?$char_traits@G@_STL@@@2@V32@0AAVios_base@2@AAHPAUtm@@@Z 00415540 f i stlport_vc6_static:locale_impl.obj
 0001:00014810       ?do_get_year@?$time_get@GV?$istreambuf_iterator@GV?$char_traits@G@_STL@@@_STL@@@_STL@@MBE?AV?$istreambuf_iterator@GV?$char_traits@G@_STL@@@2@V32@0AAVios_base@2@AAHPAUtm@@@Z 00415810 f i stlport_vc6_static:locale_impl.obj
 0001:00014980       ?do_put@?$time_put@GV?$ostreambuf_iterator@GV?$char_traits@G@_STL@@@_STL@@@_STL@@MBE?AV?$ostreambuf_iterator@GV?$char_traits@G@_STL@@@2@V32@AAVios_base@2@GPBUtm@@DD@Z 00415980 f i stlport_vc6_static:locale_impl.obj
 0001:00014a60       ??4?$ostreambuf_iterator@DV?$char_traits@D@_STL@@@_STL@@QAEAAV01@D@Z 00415a60 f i stlport_vc6_static:locale_impl.obj
 0001:00014ac0       ??4?$ostreambuf_iterator@GV?$char_traits@G@_STL@@@_STL@@QAEAAV01@G@Z 00415ac0 f i stlport_vc6_static:locale_impl.obj
 0001:00014b20       ??0?$_STLP_alloc_proxy@PAGGV?$allocator@G@_STL@@@_STL@@QAE@ABV?$allocator@G@1@PAG@Z 00415b20 f i stlport_vc6_static:locale_impl.obj
 0001:00014b30       ?_M_getc@?$istreambuf_iterator@DV?$char_traits@D@_STL@@@_STL@@ABEXXZ 00415b30 f i stlport_vc6_static:locale_impl.obj
 0001:00014b80       ?_M_getc@?$istreambuf_iterator@GV?$char_traits@G@_STL@@@_STL@@ABEXXZ 00415b80 f i stlport_vc6_static:locale_impl.obj
 0001:00014bd0       ?sputc@?$basic_streambuf@GV?$char_traits@G@_STL@@@_STL@@QAEGG@Z 00415bd0 f i stlport_vc6_static:locale_impl.obj
 0001:00014c00       ?sbumpc@?$basic_streambuf@GV?$char_traits@G@_STL@@@_STL@@QAEGXZ 00415c00 f i stlport_vc6_static:locale_impl.obj
 0001:00014c20       ?sgetc@?$basic_streambuf@GV?$char_traits@G@_STL@@@_STL@@QAEGXZ 00415c20 f i stlport_vc6_static:locale_impl.obj
 0001:00014c40       ?__get_string@_STL@@YA?AU?$pair@V?$istreambuf_iterator@DV?$char_traits@D@_STL@@@_STL@@_N@1@V?$istreambuf_iterator@DV?$char_traits@D@_STL@@@1@0PAD1@Z 00415c40 f i stlport_vc6_static:locale_impl.obj
 0001:00014d20       ?_M_do_put_float@_STL@@YA?AV?$ostreambuf_iterator@DV?$char_traits@D@_STL@@@1@V21@AAVios_base@1@DO@Z 00415d20 f i stlport_vc6_static:locale_impl.obj
 0001:00014e70       ?_M_do_put_float@_STL@@YA?AV?$ostreambuf_iterator@DV?$char_traits@D@_STL@@@1@V21@AAVios_base@1@DN@Z 00415e70 f i stlport_vc6_static:locale_impl.obj
 0001:00014fc0       ?__copy_integer_and_fill@_STL@@YA?AV?$ostreambuf_iterator@DV?$char_traits@D@_STL@@@1@PBDHV21@HHDDD@Z 00415fc0 f i stlport_vc6_static:locale_impl.obj
 0001:00015290       ?__get_decimal_integer@_STL@@YA_NAAV?$istreambuf_iterator@DV?$char_traits@D@_STL@@@1@0AAH@Z 00416290 f i stlport_vc6_static:locale_impl.obj
 0001:00015470       ?__get_string@_STL@@YA?AU?$pair@V?$istreambuf_iterator@GV?$char_traits@G@_STL@@@_STL@@_N@1@V?$istreambuf_iterator@GV?$char_traits@G@_STL@@@1@0PAG1@Z 00416470 f i stlport_vc6_static:locale_impl.obj
 0001:00015560       ?__put_integer@_STL@@YA?AV?$ostreambuf_iterator@GV?$char_traits@G@_STL@@@1@PAD0V21@AAVios_base@1@HG@Z 00416560 f i stlport_vc6_static:locale_impl.obj
 0001:00015890       ?_M_do_put_float@_STL@@YA?AV?$ostreambuf_iterator@GV?$char_traits@G@_STL@@@1@V21@AAVios_base@1@GO@Z 00416890 f i stlport_vc6_static:locale_impl.obj
 0001:000159c0       ?_M_do_put_float@_STL@@YA?AV?$ostreambuf_iterator@GV?$char_traits@G@_STL@@@1@V21@AAVios_base@1@GN@Z 004169c0 f i stlport_vc6_static:locale_impl.obj
 0001:00015af0       ?__get_decimal_integer@_STL@@YA_NAAV?$istreambuf_iterator@GV?$char_traits@G@_STL@@@1@0AAH@Z 00416af0 f i stlport_vc6_static:locale_impl.obj
 0001:00015cd0       ?equal@?$istreambuf_iterator@DV?$char_traits@D@_STL@@@_STL@@QBE_NABV12@@Z 00416cd0 f i stlport_vc6_static:locale_impl.obj
 0001:00015d60       ?equal@?$istreambuf_iterator@GV?$char_traits@G@_STL@@@_STL@@QBE_NABV12@@Z 00416d60 f i stlport_vc6_static:locale_impl.obj
 0001:00015de0       ??E?$istreambuf_iterator@DV?$char_traits@D@_STL@@@_STL@@QAE?AV01@H@Z 00416de0 f i stlport_vc6_static:locale_impl.obj
 0001:00015e30       ?mismatch@_STL@@YA?AU?$pair@V?$istreambuf_iterator@DV?$char_traits@D@_STL@@@_STL@@PAD@1@V?$istreambuf_iterator@DV?$char_traits@D@_STL@@@1@0PAD@Z 00416e30 f i stlport_vc6_static:locale_impl.obj
[...]
 0001:0002120c       UnwindUp7                  0042220c f   LIBC:memcpy.obj
 0001:00021268       TrailUp0                   00422268 f   LIBC:memcpy.obj
 0001:00021270       TrailUp1                   00422270 f   LIBC:memcpy.obj
 0001:0002127c       TrailUp2                   0042227c f   LIBC:memcpy.obj
 0001:00021290       TrailUp3                   00422290 f   LIBC:memcpy.obj
 0001:00021308       LeadDown1                  00422308 f   LIBC:memcpy.obj
 0001:00021328       LeadDown2                  00422328 f   LIBC:memcpy.obj
 0001:00021350       LeadDown3                  00422350 f   LIBC:memcpy.obj
 0001:000213a4       UnwindDown7                004223a4 f   LIBC:memcpy.obj
 0001:000213ac       UnwindDown6                004223ac f   LIBC:memcpy.obj
 0001:000213b4       UnwindDown5                004223b4 f   LIBC:memcpy.obj
 0001:000213bc       UnwindDown4                004223bc f   LIBC:memcpy.obj
 0001:000213c4       UnwindDown3                004223c4 f   LIBC:memcpy.obj
 0001:000213cc       UnwindDown2                004223cc f   LIBC:memcpy.obj
 0001:000213d4       UnwindDown1                004223d4 f   LIBC:memcpy.obj
 0001:000213e7       UnwindDown0                004223e7 f   LIBC:memcpy.obj
 0001:00021400       TrailDown0                 00422400 f   LIBC:memcpy.obj
 0001:00021408       TrailDown1                 00422408 f   LIBC:memcpy.obj
 0001:00021418       TrailDown2                 00422418 f   LIBC:memcpy.obj
 0001:0002142c       TrailDown3                 0042242c f   LIBC:memcpy.obj

FIXUPS: 22493 fffffbd3 13 14 25 32 dd4 41 37 fffffe3b 8 8 19 ffffff9a a
FIXUPS: 22d45 ffffff18 d 1c 7 11 30 7 12 25 fffffed6 fffffefe fffffd6b
FIXUPS: 22898 55 2f 103 17 3c 48 fffff9a3 c 17 1220 6 fffffe99 fffffef1
FIXUPS: 23449 12 58 e fffffea6 1f f 3c 13 11 ffffff0f 11 b ffffffb3 1d
FIXUPS: 23220 5 a ffffffbe 17 13 ffffffae 11 9 ffffffb3 fffffdb9 24 8 8e8
FIXUPS: 2386b a 10 a 5 5 1c c 11 e e 9 1c 9 fffffda8 12 c 18 14 d 41 e
FIXUPS: 237a8 e 24 e d fffffe7b 8 17 7 f98 ffffff11 fffffd34 fffffe0f e
FIXUPS: 24112 fffffcd4 15 27 1e d 1c 6 b 3e 9 3b 4d 27 12 1d c 36 c 34
FIXUPS: 24065 fffffb69 ffffff20 45 fffffdfd 7 9 1420 1b 32 14 d fffffd09
FIXUPS: 24ae7 ffffffc2 b ffffff99 fffffe98 c2 32 fffffee3 ffffff8f d 30
FIXUPS: 24803 ffffff93 6 2b fffffe94 9 18 3c 32 34 1b fffffe85 16 20 8
FIXUPS: 26657 12 16 30 12 15 9 a e e 18 c e c 7 1f 43 24 ffffe97c 106 f
FIXUPS: 25a19 157 b2 51 4f b6 80 ffffee55 8b 56 e 134e 2f 4b b 1e 32 49
FIXUPS: 261ea 1f 28 a 2a 1e 51 3a 78 1b e 45 1f 17 11 21 e 7d 2c 14 4a
FIXUPS: 26578 93 12 1c d01 1c 27 17 1e 18 11 60 32 37 fffff71a 48 50 22
FIXUPS: 26b0f 16 ffffff43 24 ffffffa9 ffffff8a ffffff6c 17 9 c 1e 12 ffffff17
FIXUPS: 268f4 ffffff2b 22 fffff7ce 23 1a84 24 23 2e 16 13 19 b fffffbcb
FIXUPS: 276d9 ffffffbc ffffff91 fffff74f 40 9d 19 68 8a d 2e 25 74 80 be
FIXUPS: 271aa 18 c 15 8 8f 12 98 ad7 38 1b fffffeb9 1c f 15 fffffeb5 f
FIXUPS: 27c1c 11 73 11 fffffef0 f fffffba1 1b ae 1b 3d 13 26 41 a4 1d 20
FIXUPS: 279e3 2d 9 1f 27 45 4406 2c a 18 11 f 61 11 c c 48 43 1c 18 14
FIXUPS: 2c0ca e 35 10 26 b 5f ffffbe02 19 ffffff52 21 2b 12 ffffff17 25
FIXUPS: 27dc7 b 3d8b 14 c c 29 c 9 14 e c 22 15 9 c 9 f 1c 20 c 11 e 1e
FIXUPS: 2bcfe 36 16 d 92 c 61 28 10 e fffffa3f 13 1b 1e 27 3b 10 10 78
FIXUPS: 2ba29 f 7 c 15 8 f 7 c 16 8 f c 16 b c 16 8 f 7 c 18 c fffff912
FIXUPS: 2b46f 18 20 18 a 1a 16 7 c c 15 b 9 1e b c 9 18 7 8 c 67 66 6a
FIXUPS: 2b6f8 48 a 7c 8c 3e c fffff9ca 9 c a 15 7 1d 18 7 7 9 17 10 7 d
FIXUPS: 2b33d b 9 31 c 16 8 1f 17 7 9 8 23 8 1c 10 7 fffffbe6 14 7 c 10
FIXUPS: 2b091 12 15 7 12 15 14 7 c 30 11 15 17 d 14 7 1f 2a 9 10 7 e 9
FIXUPS: 2b22d 15 7 16 fffffbd7 9 2e 7 c 1b 8 9 10 7 18 a 15 3f 8 9 12 a
FIXUPS: 2af80 7 c 1a 7 c 14 12 14 7 12 7 10 7 fffffba5 40 8 e 15 7 d c
FIXUPS: 2ac89 f f 17 8 f 8 c e b c 39 2d b 13 7 9 7 a 2a b 26 8 19 fffffc02
FIXUPS: 2aa3c a 1a 7 e a 1c 8 9 b a 8 16 7 e 9 f b c 9 12 7 e 9 1f 15 a
FIXUPS: 2aba5 a f c fffffb80 8 10 9 d c 15 14 43 34 7 c c 10 b6 b 20 7
FIXUPS: 2a947 13 10 7 10 14 7 c 32 a 1d 10 7 10 fffff9bf d 79 7 6f 14 a
FIXUPS: 2a509 1f 7 1a 7 c 8 15 7 c c d b 8 16 12 14 12 15 7 a9 3c 13 7
FIXUPS: 2a72d fffff977 47 11 e 9 18 16 21 7 26 24 19 14 22 18 35 2a c a
FIXUPS: 2a2b1 c f c 2a 9 b 13 7 22 7 7 2b fffffa94 9 21 a 1f 7 7 9 c 30
FIXUPS: 29f0b a c 10 24 d 18 21 11 16 12 10 c c 15 7 14 2a 12 8 e b fffff6a1
FIXUPS: 297c9 7 c a9 7 c 64 7 58 7 4d 7 c 45 7 c c 315 a 2b b a f c d c
FIXUPS: 29dcd 9 a 30 8 fffff56e b c b 40 7 e 9 f 11 9 9 10 7 e 9 1e 15
FIXUPS: 294a3 b a 22 13 34 20 20 7 7 63 134 7 12 fffffa85 16 7 e a d 8
FIXUPS: 291f6 31 d 9 d 27 a b a 20 8 9 10 a 8 c 1d 7 c d a f 14 7 c fffffb6a
FIXUPS: 28eef 53 7 1f b 12 7 a 13 16 5 a 15 1d 7 a7 10 7 c b a 38 1d 7
FIXUPS: 29149 9 12 8 9 18 10 fffffa70 1e 12 1d 42 24 f 31 17 18 9 16 13
FIXUPS: 28d68 1b 7 d a a b 20 c 16 4d 18 9 28 7 10 e 9 a fffffa44 b 2e
FIXUPS: 2894a 2c 8 9 23 a 1f 7 7 9 c 23 15 f 7 a 71 b ad b b 27 9 d 10
FIXUPS: 28be1 c 8 e fffffa82 9 d 10 1f 7 7 15 8 19 7 c c 1c c 42 35 18
FIXUPS: 287eb c 19 7 c 54 11 22 8 7 9 1b 10 7 fffffaa6 11 9 14 c 17 8 59
FIXUPS: 28456 e 29 7 95 18 9 a 8 c 35 18 17 42 f 8 9 f 8 9 f 8 9 f fffffa70
FIXUPS: 280f4 19 b a 36 e 11 13 18 2d 2e 9 a 20 9 1d 7 9 c 10 32 a e e
FIXUPS: 282f0 1f b 30 a 13 a 4689 fffffdf9 23 44 13 fffffcaf 35 f 10 17
FIXUPS: 2c45e 19 14 14 12 f e 9 17 fffffde6 ffffff7b d 11 2f 25 ffffbd5d
FIXUPS: 28026 44 c 36 8 26 5337 2b 1c fffffe85 ffffff90 f 32 ffffff27 3e
FIXUPS: 2d042 e1 3a fffffd70 107 fffffe6e ffffffc5 9 fffffe8c 1c fffffdb6
FIXUPS: 2ca99 fffffe0c 16 8a 15 13 1a 14 d 11 12 16 1294 61 ec 4a 78 76
FIXUPS: 2d742 17 5c f 151 12 16 c 1d 18 a c e 17 10 24 54 16 20 c 21 c
FIXUPS: 2d664 10 fffffcb0 30 19c3 fffffb20 10c 3a 31 5 151 24 28 aa fffffc2a
FIXUPS: 2e7e0 24 ffffff98 ffffff78 ffffffe7 ffffff79 5d fffffe03 17 20
FIXUPS: 2e387 59 23 3e 29 16 11 e fffffba9 e5 fffffad7 1b4f fffffd31 47
FIXUPS: 2f50c 10c fffffc06 14 18 18 96 6 a 6 1b 4b fffffdf0 63 fffffeea
FIXUPS: 2f0ec fffffdd3 1d 4e 19 46 1d 26 9 d 9 fffffdc3 a ffffff55 fa2
FIXUPS: 2fccb 1b 1b 21 1c 1f 28 28 8 11 24 25 6c 10 12 fffffba9 17 10f
FIXUPS: 2fbdb fffffc17 7c b4 fffffd11 38 18 28 b 1f 2f 11 6 fffd8ece 16
FIXUPS: 860b 20 2d 199fd e729 66 fffffdf9 6d 60 5d fffffd8e 7 d fffffa16
FIXUPS: 2feee 11a 15 6 7 17 e 1e 2e 2b 42 ba 4f 2f 15 fffffa2f fffd8002
FIXUPS: 7ca0 292c4 a fffd6db6 69 20 2d 29 1f 2b 1a 2911d a fffd706b 28fab
FIXUPS: 30fae fffd720f 15 1a 15 bd 48 28 8f 15 1a 15 7c 44 d2 4a dbd 11
FIXUPS: 93ed 59 84 11 42 3b 6a ffffe0b5 d 24 b 58 29 297f3 a fffd698a 29
FIXUPS: 30f47 a fffd6a09 31 4f 76 34 12 14f 22 1c 19 22 e16 d 20 7f 1e
FIXUPS: 8b4e 284d6 b fffd7b85 20 20 20 20 b4 3c 97 4d 73 12 e6 96 34 2d
FIXUPS: 9107 97 29 2e 43 51 31 27d8a b 1298 b b a fffe685a 23 26d 25 fffef8d0
FIXUPS: 8758 3e 38 25 287d4 c c b fffd782a d 13 d 20 50 95 72 3e 38 25
FIXUPS: 30ff7 c c b fffe716c 15 12 1a117 a fffe5f56 24 a8 7c 20 5d 5d 70
FIXUPS: 18534 66 41 9a 26 a 1c 2b 56 5f 27 83 31 25 4b 3a 1d 17 1a ffffef12
FIXUPS: 1789e 22 4f 44 23 54 35 2b 4f 3d 16 17 13 1a79e 8 8 a fffe59a4
FIXUPS: 17e3a ce 12 13 25 80 f 1a 4a b e3 f 38 ffffecfa 206 de 12 13 25
FIXUPS: 17227 f 1a 4b b 1a ba f 3b c 15 12 1ae7d a fffe51f6 22 a8 77 10
FIXUPS: 1766f 6f 46 23 91 84 20 fffff0a5 40 1e 1e 1b867 8 a fffe47e1 f
FIXUPS: 16a31 20 40 1e 1e 1b757 8 a fffe48eb e 22 51 f 71 10 54 2a 1b594
FIXUPS: 3224c 8 8 a fffe4be9 fffff4f3 f 70 10 54 2a 1bd65 8 8 8 a fffe42cb
FIXUPS: 164b6 d8 a3 5a 40 25 49 35 31 24 21 2d 24 1e 17 1b97d a fffe46d6
FIXUPS: 168d6 2b fffff4a4 4e 20 2c 10 1c325 8 a fffe3d1a b 2a 20 4e 20
FIXUPS: 15f8f 10 1c1f5 8 a fffe3e8a 25 62 30 2c 4a 84 40 2f 29 48 e 22
FIXUPS: 14dea ee 55 43 48 4b 41 37 28 4c 44 21 16 2a 3e 11 142 2e 9b 65
FIXUPS: 155db 34 9b 6b 1ae e8 2c6 15 1d ad b 2a ffffebff 1a 3f e 1a 2f
FIXUPS: 14a57 11 11 1d68b 16 17 9 8 8 8 8 a fffe2984 55 43 48 4b 41 37
FIXUPS: 14cb3 4c 44 21 16 2a 35 1d315 fffe218a f 2b 31 3a 98 f 45 34 3c
FIXUPS: 144b5 40 b6 39 36 91 f 50 3d 3c 8d 19 1b 1b 12 15 1d 1b 57 27 24
FIXUPS: 13931 28 94 11 97 13 74 71 62 22 28 8d 11 96 13 7d 71 75 17 11
FIXUPS: 13f26 11 92 d2 3f 1f 14 1dfb7 8 8 8 8 fffe1353 d 17 9 1e 25 11
FIXUPS: 134cd 17 9 32 32 17 2b 24 40 1ea8d 8 8 8 8 a fffe1591 22 28 8c
FIXUPS: 13726 96 13 71 71 5e fffff7b3 15 d 17 9 1e 25 11 15 17 9 32 32
FIXUPS: 13208 2b 24 40 1edad 8 8 8 8 a fffe1287 c 34 11 10 39 39 3c 1e
FIXUPS: 12a9d 32 32 17 2b 24 40 1f45d 8 8 8 8 a fffe0bc1 25 3a 95 1c 14
FIXUPS: 12da8 45 1c 73 8d 8c c 34 11 10 39 39 3c fffff2dd 80 89 65 25 3a
FIXUPS: 125ed 1c 14 95 45 1c 8f 89 7a c 34 11 10 39 39 3c 1e 15 d 17 9
FIXUPS: 12a32 25 11 15 17 1f3f3 19 1a c b b 19 1a c 8 8 1c 1a 1a 1c c b
FIXUPS: 31fb9 b 8 8 8 b a fffe016e 25 3a 9d 1c 14 95 45 fffff5fe 18 23
FIXUPS: 119c1 23 19 51 11 11 14 22 1a 37 57 118 74 3a 53 4e 4b 65 47 49
FIXUPS: 11f8b 38 46 7c 4e 11 11 11 14 1fd2a 8 8 8 8 a fffdf734 15 10 14
FIXUPS: 11671 23 1e 15 18 23 23 3e 1f 20 15 18 20 23 43 11 14 44 22 29
FIXUPS: 1192e 20 20394 1c 1d c b b b b b 1c 1d c b b 1c 1f c b b a fffdf577
FIXUPS: 113a3 a7 39 c 3a 11 11 22 3e 208e9 8 fffdf130 12 23 22 57 11 11
FIXUPS: 11072 11 11 36 11 11 3d 11 11 11 55 29 74 4a 11 14 35 11 11 14
FIXUPS: 31c87 1c 1d c b fffdedfb 19 6d 25 1d 2f 21 82 24 24 15 18 23 23
FIXUPS: 10d7d 14 47 14 2d 9 e 16 1b 18 38 16 14 1f 1b 14 2c 9 fffff717
FIXUPS: 10698 23 1c 24 20 15 18 23 23 27 f 55 32 14 25 1c 15 25 1c 14 25
FIXUPS: 1094b 25 24 20 18 1b 23 23 3c 29 ffffefae 48 4b 41 37 28 4c 44
FIXUPS: fc24 16 21 3e 11 13b 2e 95 65 18e 34 95 6b 1b6 e9 c7 44 15 14 12
FIXUPS: 10605 25 1e 15 ffffee64 1a 2f 23 11 11 226c5 16 17 9 8 8 8 8 a
FIXUPS: f5b8 55 43 48 4b 41 37 28 4c 44 21 16 21 35 11 f7 55 fffff2e8 79
FIXUPS: ed8e 47 40 40 c7 3d 77 30 47 a3 f 42 3e 75 30 47 8b 19 1b 1b 12
FIXUPS: f366 1d 1b 54 26 24 22 1a 3c ffffefaa 93 13 7a 6c 79 17 11 1b 11
FIXUPS: e747 9a 26 4e 1a 14 23351 8 8 8 8 a fffdce5a f 2e 35 77 30 47 a9
FIXUPS: ec70 3e fffff0b5 28 22 40 23da7 8 8 8 8 a fffdc26e 1f 22 7f 11
FIXUPS: df90 13 6e 6c 5f 1f 22 87 11 94 13 71 6c 53 1f 22 80 fffff5cc 26
FIXUPS: da53 28 22 40 24077 8 8 8 8 a fffdbfc1 c 34 11 e 43 3d 1e 15 d
FIXUPS: dc75 9 1e 25 11 10 12 9 2c 26 23ddd 8 a fffdb951 25 31 8e 1c 14
FIXUPS: d638 45 1c 73 85 9e c 34 11 e 43 3d 1e 15 d 17 9 1e 25 11 10 12
FIXUPS: d9ed fffff5b2 45 1c 8f 81 8f c 34 11 e 43 3d 1e 15 d 17 9 1e 25
FIXUPS: d332 10 12 9 2c 26 14 28 22 40 246c7 8 8 ffffff20 1a 1d 1c c b
FIXUPS: 31ab9 b 8 8 8 b 8 b a fffdaf6b 25 31 93 1c 14 95 45 1c 80 81 70
FIXUPS: ce14 31 95 1c 14 fffff58a 112 74 3a 58 51 4c 60 47 47 3a 40 38
FIXUPS: c92c 24 3c 4e 11 11 11 14 24f66 19 1a c b b 19 1a c 8 8 fffda5fb
FIXUPS: c03e 20 23 3e 22 20 15 18 23 23 3d 11 14 43 1f 26 25 20 15 18 23
FIXUPS: c313 20 1c 50 11 11 14 22 1a 33 25475 1c 1f c b b a fffda3d7 c
FIXUPS: bda7 35 c 3a 11 11 20 3c 25a94 8 8 8 8 8 8 a fffda584 15 10 14
FIXUPS: bfd3 20 1e fffffa2a 11 11 11 51 29 78 55 11 14 35 11 11 14 25b42
FIXUPS: 317a3 1d c b b 1c 1d c b b b b b 1c 1d c b fffd9d24 1b 23 23 5b
FIXUPS: b6a2 4d 14 37 9 1b 12 20 18 38 16 14 1f 1b 10 35 9 15 12 1f 22
FIXUPS: b984 11 11 36 11 11 fffff6d4 f 52 3a 14 2a 1c 15 2d 1c 14 2a 1c
FIXUPS: b2a4 24 20 18 1b 23 23 3c 29 40 19 56 29 1b 29 1f 78 24 20 26109
FIXUPS: 316de 18 f e e e b b b b b a fffd96e5 44 15 14 12 4e 25 1e 15 18
FIXUPS: afb5 23 1c 24 20 15 18 23 23 fffffb86 1f 1a 1a 14 7 26945 12 18
FIXUPS: 31626 f e e e b b b b b a fffd9624 d 60 20 20 20 1f 1a 1a 14 7
FIXUPS: 316b4 fffd93cb 26a95 12 18 18 f e e e b b b b b a fffd94d4 d 16
FIXUPS: aad4 d 16 d d 16 d d 16 d d 60 20 20 26830 fffd9421 1f 1f 1f 1f
FIXUPS: a8f8 1a 17 26b35 18 18 f e e e b b b b b a fffd943c d 60 20 20
FIXUPS: aa11 1f 1a 1a 14 268de a fffd9322 20 1f 24 c 34 c 34 c 34 c 34
FIXUPS: a7f1 26b8d 18 18 9 8 e 8 8 e 8 8 e 8 8 e 8 8 fffd902d d 16 d d
FIXUPS: a4b7 d d 16 d d 60 20 20 20 1f 1a 1a 14 7 26c75 12 18 18 f e e
FIXUPS: 3131f b b b b fffd8e29 1c 27064 a a fffd8fbe 10 44 3c 10 57 14
FIXUPS: 31214 8 8 8 8 a fffd90c7 3a 53 5f 17 26e4f b b b b a fffd91a7 d
FIXUPS: a457 26d52 12 e fffd8b4b d 13 d 13 d 13 d 13 d 13 d 13 d 13 d 23
FIXUPS: 9e31 39 5 26 27344 e fffd8ec4 d 19 5 75 7 fffff890 19 3d 19 20
FIXUPS: 9a8e 5f f4 19 3d 19 25 1d 1d 273fa 12 12 c b e c b e 12 12 12 c
FIXUPS: 31164 e c b e fffd844f 10 10 10 74 14 19 15 27998 8 a fffd868e
FIXUPS: 9711 4f 29 10 278ee a fffd8737 f d 1d 18 1b d 10 5 10 10 10 4b
FIXUPS: 9907 11e78 1a 9 d f f 42 25 21 c 18 16 16d55 8 8 16 b fffe92b1
FIXUPS: 1b8fb 6c 18 c 44 b6 10 10 16 16b69 16 b fffe94f0 fffedaac 11c9b
FIXUPS: 1b293 15 24 172d8 a fffe8d9c 45 19 26 86 71 d 23 d 12 d 13 d 8c
FIXUPS: 1b5f4 23 22 e 1c 9 25 c 25 16f02 a fffe9176 fffff178 42 50 bd 15
FIXUPS: 1ab4d 26 af cc 5a 1c c 8c c0 4d 32 43 1d 15 22 60 1e 1d 15 22 45
FIXUPS: 1b17d 56 36 24 f 1f ffffefc9 d 27 27 4d 47 9 15 9 d 181ee 9 a fffe7ea7
FIXUPS: 1a3f8 11 9 11 18131 a fffe7f4e 48 9 15 9 d 1805d 9 a fffe7ff2 2c0
FIXUPS: 1a853 fffff521 d 45 1b 1a 1a 1a 26 26 26 8d 26 26 25 21 26 26 26
FIXUPS: 1a0aa 21 41 4b 9 15 9 d 1837a 9 a fffe7ccf 1e d fffffabb 18 13
FIXUPS: 19d05 10 18675 1d f 1d f 1d f 1d a a 9 a 9 a 9 a 8 8 8 8 e 12 12
FIXUPS: 324dc e fffe786a d fffffca0 21 17 8 10 8 b 31 17 8 10 8 b 31 17
FIXUPS: 19b27 10 8 b 31 17 8 10 8 b 60 22 22 20 17 12 12 fffffa3b 3a 28
FIXUPS: 1978e 27 26 1c 23 8 10 8 b 2c 1c 23 8 10 8 b 2c 1c 1f 8 10 8 b
FIXUPS: 19999 1c 21 8 10 8 fffff8de d 36 29 19 c f 79 c c 24 18eec d b
FIXUPS: 32335 8 a fffe7180 2f 15 58 c c 24 18db6 a 8 a fffe72ce 2b 30 31
FIXUPS: 190c6 22 9 5 14 c 22 9 5 14 c 22 9 5 14 c 22 9 5 14 c 22 9 5 14
FIXUPS: 19256 22 9 5 14 c 22 193d5 a fffe9684 61 3e 2f 168be 8 8 a fffe97b3
FIXUPS: 1be91 40 9 9 9 27 1b 10 11 16798 b b a fffe694a 5 14 c 22 9 5 14
FIXUPS: 1c4e0 148 cf d ad 64 19 9 54 c1 23 a5 33 17 fffff10b 1b d 16 36
FIXUPS: 1bbf1 9 10 16 16a34 16 b fffe965b 10 1f f 16979 b 112 a fffea6d6
FIXUPS: 1ce91 24 a 15a 40 1e fffffa33 2c 2ff 10 10 16 15909 16 b fffe983c
FIXUPS: 1bf76 10 10 10 e4 7a e5 77 2a 19 16 18d 1b 1636d fffeb239 c0 16
FIXUPS: 1daf8 15 14cd7 a fffeacc6 d 5e 15225 a fffeae46 d 5b 35 14 19 15
FIXUPS: 32764 a fffeaf76 d 5e 15035 a fffeb07e 3c 7 1d 11 150b1 a fffebbee
FIXUPS: 1e54a 7 5 81 7 21 14 14331 a a fffebcee 24 7 5 75 7 22 1c 14234
FIXUPS: 3296e a fffebdee 24 fffff12d b9 14 19 15 14e12 e0 a a fffeb8ae
FIXUPS: 1e18a d 5f 2f 1469f 8 a fffeb9e7 45 7 1d 11 145ad a fffeba9f 45
FIXUPS: 1e3d9 1d 11 144fd a fffebb23 5 81 7 21 14 14431 fffeb4c7 14a59
FIXUPS: 3284e fffeb5d9 a 5 75 7 22 1c 14974 a a fffeb6ae 24 7 5 75 7 22
FIXUPS: 1e010 14874 a a fffeb7ae 24 7 5 75 7 22 1c 18ad 45 7 1d 11 1314d
FIXUPS: 32bae fffeceff 45 7 1d 11 1309d a fffebbc9 80 fffff3af 2f 14c0f
FIXUPS: 3280c a fffeb477 3c 14 19 15 14b19 a fffeb53f 3c 14 19 1847 45
FIXUPS: 1f669 1d 11 1348d a fffecbbf 45 7 1d 11 133dd a fffecc67 1f d 16
FIXUPS: 1f82d 3c 14 19 15 132b9 a fffecd9f 45 7 1d 11 131fd a fffec69f
FIXUPS: 1f269 14 19 15 137f9 a fffec85f 3c 14 19 15 13739 a fffec917 1f
FIXUPS: 1f411 16 46 3c 14 19 15 135f9 a fffeca5f 45 7 1d 11 1353d a fffec2ff
FIXUPS: 1ee49 14 19 15 13b99 a fffec4bf 3c 14 19 15 13ad9 a fffec5a7 1f
FIXUPS: 1f021 16 36 3c 14 19 15 13979 a fffec6df 3c 14 19 15 138b9 a fffebf98
FIXUPS: 1ea31 5 81 7 21 14 13eb1 a a fffec16e 10 51 13e3d a fffec216 d
FIXUPS: 1ec07 46 3c 14 19 15 13d19 a fffec33f 3c 14 19 15 13c59 a fffed2bc
FIXUPS: 1fd03 52 79 84 38 22 31 3f 40 2f 32 4a 2f 4d 1c c6 66 33 22 11c
FIXUPS: 203bc ffffe565 5 75 7 22 1c 13fa4 a a fffec07e 225b 14 11 15 1c
FIXUPS: 20d53 1d 78 f 39 68 c 147 1d c 13f 35 20 20 fffff376 4d f 46 41
FIXUPS: 206e9 bc fffffd48 fffff699 46 4c 3b 3b 1c94 7c 33 22 1a 3b 1c d4
FIXUPS: 21b6f 13 13 41 37 13 13 1c 23 ffffec16 1c 1b 12 23 94 27 160 1f
FIXUPS: 20b7b 1f 59 42 14 14 12bc 30 14 18 2a 38 37 2b fffff377 55 8f 48
FIXUPS: 21502 2c 1b 1d 15 d3 33 22 1a 3b 1c d4 37 13 13 41 37 13 13 1c
FIXUPS: 14da b 7f 1a 4f c 11 1e 37 1b 21 16c 31 15 37 13 41 4b 9d 2038c
FIXUPS: 21d44 d 1d a 2c 4c 15 58 38 22 14 21 fffdf298 14 1d 12 29 1c 21
FIXUPS: 1244 7 c e 41 d 21 24 14 e 15 31 34 1d 39 f 21 26 9 2f3be a fffd0c64
FIXUPS: 147e 1b 8 94b 5fd db 21 12 15 47 d 2e2ef a fffd1d2b 9 d 1d 19 2e294
FIXUPS: 3086e fffd1d7d d 2e283 a fffd1d9e 7 17 ffffe9c5 92 39 1b 3a a 6
FIXUPS: 1149 9d9 1b 31 27 15 e 1b e 14 13 6 23 d 6 a 6 e d 14 14 18 e 2eb73
FIXUPS: 30838 a fffd1495 d 16 28 21 d 26 10db 20 2c d 9 16 2db2d fffd251d
FIXUPS: 2f2e f 1b 10 4a 36 a 11 c 1a 23 ffffe9b3 1b 16 22 23 2eda7 c fffd1276
FIXUPS: 1aa4 15 26 1b 18 109d 19 a 1e 12 1e 12 14 1d e 23 1c c 12 2dcce
FIXUPS: 309a4 8 16 9 a fffd232f 17 23 2dca2 a fffd2397 15 12 3b 3d b 19
FIXUPS: 3092f a fffd202a 13 20 f 2df9f 8 a fffd206a 1b e 2df77 b b a fffd207d
FIXUPS: 2a03 5 13 16 17 46 3e 12 e 1f 2a 1c 1c 2de1b a fffd1ed0 c c c c
FIXUPS: 289e f 12 f 2dfc5 b 8 8 8 b 8 8 b 8 8 8 b b a fffd1fd7 27 c 14
FIXUPS: 293e 9 2dfd5 8 fffd1d61 a c a 23 10 d d d 10 d 11 e e 11 11 6 17
FIXUPS: 279f f 11 6 11 12 7 11 12 e c f f c 3729 21 32 9 1b 22 34 26 c
FIXUPS: 60a7 24 c 10 3e 31 26 2d 1a 2ace7 fffd534a 1e 3f 29 20 2ac1c fffd1796
FIXUPS: 2651 a a c 5 5 3565 14 2d 13 13 1a 2d 1e e 2b1c1 d fffd4e5c 29
FIXUPS: 5d1f 32 7 f 2e 1d e 2b0d3 d fffd4f51 8 9a 50 1d b 10 7 28 b fffff7e8
FIXUPS: 5749 f f 2b6c1 8 8 16 b fffd496e e 8 8a 49 64 61 f 2d 9 3c 31 1b
FIXUPS: 5acf 14 2e 15 1b 21 2b302 a fffd4d4a 14 fffff877 1f 7 2b983 8 8
FIXUPS: 30e06 fffd467f 32 1b 23 19 1e 10 32 1f 9 b 2b872 d fffd4788 2f
FIXUPS: 55fd 23 9 98 19 17 8 c f e fffffa7d 16 1f 1a 1d 11 18 2bb6c a fffd44b6
FIXUPS: 5287 1c 10 2bb04 b a fffd44ff 23 1a e 2bac0 fffd455c 23 1a e 2ba65
FIXUPS: 5397 d 1a 1b 3f 17 fffff6fd 2c24c a fffd3dea 9 21 dc a3 29 b 3f
FIXUPS: 4d99 3f c0 49 7e 82 6 13 1a b 2bd6d a fffd42bc 17 1c 4a 1c c 1d
FIXUPS: 5142 2f fffff678 1f 14 8 f 8 c 2c4ed a fffd3b49 17 1d e0 27 c 2c37a
FIXUPS: 30d52 fffd3c97 e d 77 c b 2c2ca 8 a fffd3d4b 2d d 11 16 7 fffff9fc
FIXUPS: 30cdc a fffd384c a 26 9 2c788 a fffd3896 18 29 9 21 8 11 10 25
FIXUPS: 4675 b 2c68b d fffd3972 10 e 2c678 a fffd39b7 1a 30 d 3e fffffafa
FIXUPS: 427d 1c 7 d 1d a 34 1b 15 18 1e 11 35 22 9 b 2c8ac fffd376d 2d
FIXUPS: 4439 2c86a a fffd37a5 20 2a 2c82d b fffd37e2 29 23 f fffffb54 f
FIXUPS: 409c f d 1d 11 1b 2cb1f c b a fffd34ec 2a 2cafb a fffd3526 b 26
FIXUPS: 41d0 10 2ca84 a fffd358b e 1d 15 2ca3f 8 a fffd35c7 d fffffbc8
FIXUPS: 3e31 17 1b 17 1d 17 c f 2ccd3 8 16 b fffd3335 28 12 21 41 2cc3a
FIXUPS: 30bda fffd33da a f f 2cc08 a fffd3409 1d 10 2cbd4 a fffd3448 fffffbb9
FIXUPS: 3c22 19 1c 19 21 f 2cea8 8 8 8 8 8 a fffd3143 d 2cebd a fffd3182
FIXUPS: 3d22 14 21 2f 11 6 19 c 17 6 13 17 6 fffffb8f 2d16e b b a fffd2ea8
FIXUPS: 39fb 14 10 e 1f 2b f 1f d 13 2a 7 1b f 9 10 e 2cfed a fffd3022
FIXUPS: 3b80 16 1e d 23 12 fffffc53 10 c c c 15 11 10 11 10 11 c f 2d19c
FIXUPS: 30aa4 b 8 8 8 8 a fffd2e45 1b e 2d19d b b a fffd2e5e 7 c 1b fffffc2f
FIXUPS: 35ca b 58 b b 6 16 6 16 1b b 16 31 2d398 8 a fffd2c71 a 1a 16 1c
FIXUPS: 376a 8 1b 33 c c e 19 18 12 2d213 8 8 8 a fffd292f d c f 23 17
FIXUPS: 33fa 13 6 12 6 e 6 d 2d61f a fffd29fc 52 1e 1d 7 1c 4a 13 20 a
FIXUPS: 35b2 fffffb18 23 34 18 33 b 24 10 2e 10 24 a 2a 9 19 e 19 e 46
FIXUPS: 32ef f 29 2d6dc 8 8 a a c fffd28fe 1c f 12 302e 18 13 1b 43 1a
FIXUPS: 644c 6 b d 12 13 13 8 2aa2a 8 a fffd55e1 1c 27 19 26 ffffcb28 5
FIXUPS: 3080 a c 5 5 a a c 405a 19 11 e 1b c 16 18 e 12 19 11 5c 11 fffff328
FIXUPS: 65b5 bf 5c 63 3f 26 c fffffb3c 1b 22 1e 2ab85 c fffd548f 6 d 13
FIXUPS: 6d1b 17 18 1e 10 f 2d 4b 11 11 10 d 1d 1a 14 18 18 18 12 c5 29
FIXUPS: 7007 1b 1b 16 1b 1b 16 1b 1b 17 17 fffff894 f 18 16 7c 17 13 17
FIXUPS: 6aaa 9 e f 20 1e 28 2a 1b 13 13 11 e 21 14 21 11 31 a b e 14 d
FIXUPS: 6cb0 95f c 298ed a fffd6375 35 1c 15 b 31 3e 1a 32 10 11 1d b 17
FIXUPS: 741e fffff41a 25 22 1d 25 1e 39 14 10 10 10 10 15 aab 5 a a c 5
FIXUPS: 745b a a c a b 1f 16 1c 19 10 e 28 9 7 6 8 8 9 7 2997d a fffd6689
FIXUPS: 759d 25 27

 3925 bytes saved through ICF

